2026-04-03T15:08:33-07:00 LAUNCH
[I 2026-04-03 15:08:39.245 ServerApp] Extension package dask_labextension took 1.3982s to import
[W 2026-04-03 15:08:39.246 ServerApp] A `_jupyter_server_extension_points` function was not found in dask_labextension. Instead, a `_jupyter_server_extension_paths` function was found and will be used for now. This function name will be deprecated in future releases of Jupyter Server.
[I 2026-04-03 15:08:39.352 ServerApp] Extension package jupyter_lsp took 0.1060s to import
[I 2026-04-03 15:08:40.008 ServerApp] Extension package jupyterlab_git took 0.1069s to import
[I 2026-04-03 15:08:41.175 ServerApp] Extension package jupyterlab_h5web took 1.1667s to import
[I 2026-04-03 15:08:41.595 ServerApp] Extension package jupyterlab_jupytext took 0.4196s to import
[W 2026-04-03 15:08:41.716 ServerApp] A `_jupyter_server_extension_points` function was not found in nbclassic. Instead, a `_jupyter_server_extension_paths` function was found and will be used for now. This function name will be deprecated in future releases of Jupyter Server.
[I 2026-04-03 15:08:41.723 ServerApp] dask_labextension | extension was successfully linked.
[I 2026-04-03 15:08:41.724 ServerApp] jupyter_lsp | extension was successfully linked.
[I 2026-04-03 15:08:41.724 ServerApp] jupyter_resource_usage | extension was successfully linked.
[I 2026-04-03 15:08:41.742 ServerApp] jupyter_server_mathjax | extension was successfully linked.
[I 2026-04-03 15:08:41.743 ServerApp] jupyter_server_proxy | extension was successfully linked.
[I 2026-04-03 15:08:41.765 ServerApp] jupyter_server_terminals | extension was successfully linked.
[I 2026-04-03 15:08:41.766 JupyterHubSingleUser] Starting jupyterhub single-user server extension version 5.0.0
[I 2026-04-03 15:08:41.766 JupyterHubSingleUser] Using default url from environment $JUPYTERHUB_DEFAULT_URL: /lab/tree/global/homes/c/chaseg
[I 2026-04-03 15:08:41.769 ServerApp] jupyterhub | extension was successfully linked.
[W 2026-04-03 15:08:41.789 LabApp] 'extra_template_paths' was found in both NotebookApp and ServerApp. This is likely a recent change. This config will only be set in NotebookApp. Please check if you should also config these traits in ServerApp for your purpose.
[I 2026-04-03 15:08:41.792 ServerApp] jupyterlab | extension was successfully linked.
[I 2026-04-03 15:08:41.792 ServerApp] jupyterlab_code_formatter | extension was successfully linked.
[I 2026-04-03 15:08:41.793 ServerApp] jupyterlab_git | extension was successfully linked.
[I 2026-04-03 15:08:41.793 ServerApp] jupyterlab_h5web | extension was successfully linked.
[I 2026-04-03 15:08:41.793 ServerApp] jupyterlab_jupytext | extension was successfully linked.
[I 2026-04-03 15:08:41.793 ServerApp] jupyterlab_nvdashboard | extension was successfully linked.
[I 2026-04-03 15:08:41.794 ServerApp] jupyterlab_wall | extension was successfully linked.
[W 2026-04-03 15:08:41.812 NotebookApp] 'extra_template_paths' was found in both NotebookApp and ServerApp. This is likely a recent change. This config will only be set in NotebookApp. Please check if you should also config these traits in ServerApp for your purpose.
[I 2026-04-03 15:08:41.815 ServerApp] nbclassic | extension was successfully linked.
[I 2026-04-03 15:08:41.815 ServerApp] nbdime | extension was successfully linked.
[W 2026-04-03 15:08:41.834 JupyterNotebookApp] 'extra_template_paths' was found in both NotebookApp and ServerApp. This is likely a recent change. This config will only be set in NotebookApp. Please check if you should also config these traits in ServerApp for your purpose.
[I 2026-04-03 15:08:41.836 ServerApp] notebook | extension was successfully linked.
[I 2026-04-03 15:08:41.840 ServerApp] Writing Jupyter server cookie secret to /tmp/jupyter-runtime-2214aa27-3889-4099-a32f-3336539cb0dc/jupyter_cookie_secret
[I 2026-04-03 15:08:41.908 ServerApp] notebook_shim | extension was successfully linked.
[I 2026-04-03 15:08:41.989 ServerApp] notebook_shim | extension was successfully loaded.
[I 2026-04-03 15:08:41.990 ServerApp] dask_labextension | extension was successfully loaded.
[I 2026-04-03 15:08:41.992 ServerApp] jupyter_lsp | extension was successfully loaded.
[I 2026-04-03 15:08:41.993 ServerApp] jupyter_resource_usage | extension was successfully loaded.
[I 2026-04-03 15:08:41.994 ServerApp] jupyter_server_mathjax | extension was successfully loaded.
[I 2026-04-03 15:08:42.037 ServerApp] jupyter_server_proxy | extension was successfully loaded.
[I 2026-04-03 15:08:42.039 ServerApp] jupyter_server_terminals | extension was successfully loaded.
[I 2026-04-03 15:08:42.056 JupyterHubSingleUser] Updating Hub with activity every 300 seconds
[I 2026-04-03 15:08:42.056 ServerApp] jupyterhub | extension was successfully loaded.
[I 2026-04-03 15:08:42.296 ServerApp] Skipped non-installed server(s): bash-language-server, dockerfile-language-server-nodejs, javascript-typescript-langserver, jedi-language-server, julia-language-server, pyright, python-language-server, python-lsp-server, r-languageserver, sql-language-server, texlab, typescript-language-server, unified-language-server, vscode-css-languageserver-bin, vscode-html-languageserver-bin, vscode-json-languageserver-bin, yaml-language-server
[I 2026-04-03 15:08:42.395 LabApp] JupyterLab extension loaded from /global/common/software/nersc9/jupyter/ex/26-03/lib/python3.10/site-packages/jupyterlab
[I 2026-04-03 15:08:42.396 LabApp] JupyterLab application directory is /global/common/software/nersc9/jupyter/ex/26-03/share/jupyter/lab
[I 2026-04-03 15:08:42.397 LabApp] Extension Manager is 'pypi'.
[I 2026-04-03 15:08:42.424 ServerApp] jupyterlab | extension was successfully loaded.
[I 2026-04-03 15:08:42.425 ServerApp] Registered jupyterlab_code_formatter server extension
[I 2026-04-03 15:08:42.425 ServerApp] jupyterlab_code_formatter | extension was successfully loaded.
[I 2026-04-03 15:08:42.432 ServerApp] jupyterlab_git | extension was successfully loaded.
[I 2026-04-03 15:08:42.726 ServerApp] Jupyterlab-h5web extension will serve HDF5 files from /
[I 2026-04-03 15:08:42.726 ServerApp] jupyterlab_h5web | extension was successfully loaded.
[W 2026-04-03 15:08:42.727 ServerApp] [Jupytext Server Extension] Async contents managers like {base_class.__name__} are not supported at the moment (https://github.com/mwouts/jupytext/issues/1020). We will derive a contents manager from LargeFileManager instead.
[I 2026-04-03 15:08:42.727 ServerApp] [Jupytext Server Extension] Deriving a JupytextContentsManager from LargeFileManager
[I 2026-04-03 15:08:42.728 ServerApp] jupyterlab_jupytext | extension was successfully loaded.
[I 2026-04-03 15:08:42.729 ServerApp] Registered jupyterlab_nvdashboard server extension
[I 2026-04-03 15:08:42.729 ServerApp] jupyterlab_nvdashboard | extension was successfully loaded.
[I 2026-04-03 15:08:42.730 ServerApp] Registered jupyterlab_wall server extension
[I 2026-04-03 15:08:42.731 ServerApp] jupyterlab_wall | extension was successfully loaded.
[I 2026-04-03 15:08:42.774 ServerApp] nbclassic | extension was successfully loaded.
[I 2026-04-03 15:08:43.123 ServerApp] nbdime | extension was successfully loaded.
[I 2026-04-03 15:08:43.220 ServerApp] notebook | extension was successfully loaded.
[I 2026-04-03 15:08:43.220 ServerApp] Will shut down after 64800 seconds with no kernels.
[I 2026-04-03 15:08:43.221 ServerApp] Serving notebooks from local directory: /
[I 2026-04-03 15:08:43.221 ServerApp] Jupyter Server 2.14.2 is running at:
[I 2026-04-03 15:08:43.221 ServerApp] http://nid001081:46843/user/chaseg/perlmutter-exclusive-node-gpu/lab/tree/global/homes/c/chaseg?token=...
[I 2026-04-03 15:08:43.222 ServerApp]     http://127.0.0.1:46843/user/chaseg/perlmutter-exclusive-node-gpu/lab/tree/global/homes/c/chaseg?token=...
[I 2026-04-03 15:08:43.222 ServerApp] Use Control-C to stop this server and shut down all kernels (twice to skip confirmation).
[W 2026-04-03 15:09:09.469 LabApp] Could not determine jupyterlab build status without nodejs
[I 2026-04-03 15:09:09.602 ServerApp] Loaded Jupytext configuration file at /global/common/software/nersc9/jupyter/ex/26-03/etc/jupytext/jupytext.toml
[I 2026-04-03 15:11:08.680 ServerApp] Saving file at /global/homes/c/chaseg/nuts/nuts.ipynb
[I 2026-04-03 15:11:08.728 ServerApp] Saving nuts.ipynb
[I 2026-04-03 15:11:09.187 ServerApp] Saving file at /global/homes/c/chaseg/nuts/system-65/system65.ipynb
[I 2026-04-03 15:11:09.231 ServerApp] Saving system65.ipynb
[I 2026-04-03 15:11:09.489 ServerApp] Saving file at /global/homes/c/chaseg/nuts/system-65/system65.ipynb
[I 2026-04-03 15:11:09.583 ServerApp] Saving system65.ipynb
[W 2026-04-03 15:11:10.659 ServerApp] wrote error: 'Kernel does not exist: 06bf426b-4b09-4248-8f9f-6cad6eb825c3'
    Traceback (most recent call last):
      File "/global/common/software/nersc9/jupyter/ex/26-03/lib/python3.10/site-packages/tornado/web.py", line 1790, in _execute
        result = await result
      File "/global/common/software/nersc9/jupyter/ex/26-03/lib/python3.10/site-packages/jupyter_resource_usage/api.py", line 127, in get
        lkm = km.pinned_superclass.get_kernel(km, kernel_id)
      File "/global/common/software/nersc9/jupyter/ex/26-03/lib/python3.10/site-packages/jupyter_client/multikernelmanager.py", line 466, in get_kernel
        self._check_kernel_id(kernel_id)
      File "/global/common/software/nersc9/jupyter/ex/26-03/lib/python3.10/site-packages/jupyter_server/services/kernels/kernelmanager.py", line 537, in _check_kernel_id
        raise web.HTTPError(404, "Kernel does not exist: %s" % kernel_id)
    tornado.web.HTTPError: HTTP 404: Not Found (Kernel does not exist: 06bf426b-4b09-4248-8f9f-6cad6eb825c3)
[I 2026-04-03 15:11:13.437 ServerApp] Kernel started: 631f8175-599b-43eb-8d49-c42c55b5a909
[I 2026-04-03 15:11:13.437 ServerApp] Culling kernels with idle durations > 64800 seconds at 300 second intervals ...
[I 2026-04-03 15:11:21.882 ServerApp] Connecting to kernel 631f8175-599b-43eb-8d49-c42c55b5a909.
/global/common/software/nersc9/jupyter/ex/26-03/lib/python3.10/json/encoder.py:257: UserWarning: date_default is deprecated since jupyter_client 7.0.0. Use jupyter_client.jsonutil.json_default.
  return _iterencode(o, 0)
2026-04-03 15:11:27.871221: E external/local_xla/xla/stream_executor/cuda/cuda_fft.cc:467] Unable to register cuFFT factory: Attempting to register factory for plugin cuFFT when one has already been registered
WARNING: All log messages before absl::InitializeLog() is called are written to STDERR
E0000 00:00:1775254288.044767 1350780 cuda_dnn.cc:8579] Unable to register cuDNN factory: Attempting to register factory for plugin cuDNN when one has already been registered
E0000 00:00:1775254288.090696 1350780 cuda_blas.cc:1407] Unable to register cuBLAS factory: Attempting to register factory for plugin cuBLAS when one has already been registered
W0000 00:00:1775254288.536436 1350780 computation_placer.cc:177] computation placer already registered. Please check linkage and avoid linking the same target more than once.
W0000 00:00:1775254288.536462 1350780 computation_placer.cc:177] computation placer already registered. Please check linkage and avoid linking the same target more than once.
W0000 00:00:1775254288.536467 1350780 computation_placer.cc:177] computation placer already registered. Please check linkage and avoid linking the same target more than once.
W0000 00:00:1775254288.536470 1350780 computation_placer.cc:177] computation placer already registered. Please check linkage and avoid linking the same target more than once.
2026-04-03 15:13:05.632870: W external/xla/xla/service/gpu/autotuning/dot_search_space.cc:200] All configs were filtered out because none of them sufficiently match the hints. Maybe the hints set does not contain a good representative set of valid configs?Working around this by using the full hints set instead.
[I 2026-04-03 15:13:10.608 ServerApp] Saving file at /global/homes/c/chaseg/nuts/nuts.ipynb
[I 2026-04-03 15:13:10.659 ServerApp] Saving nuts.ipynb
[I 2026-04-03 15:15:11.657 ServerApp] Saving file at /global/homes/c/chaseg/nuts/nuts.ipynb
[I 2026-04-03 15:15:11.734 ServerApp] Saving nuts.ipynb
[I 2026-04-03 15:17:12.573 ServerApp] Saving file at /global/homes/c/chaseg/nuts/nuts.ipynb
[I 2026-04-03 15:17:12.609 ServerApp] Saving nuts.ipynb
[I 2026-04-03 15:19:13.613 ServerApp] Saving file at /global/homes/c/chaseg/nuts/nuts.ipynb
[I 2026-04-03 15:19:13.652 ServerApp] Saving nuts.ipynb
[I 2026-04-03 15:23:16.566 ServerApp] Saving file at /global/homes/c/chaseg/nuts/nuts.ipynb
[I 2026-04-03 15:23:16.678 ServerApp] Saving nuts.ipynb
[I 2026-04-03 15:25:19.892 ServerApp] Saving file at /global/homes/c/chaseg/nuts/nuts.ipynb
[I 2026-04-03 15:25:19.971 ServerApp] Saving nuts.ipynb
[I 2026-04-03 15:37:14.628 ServerApp] Starting buffering for 631f8175-599b-43eb-8d49-c42c55b5a909:fae5bd3a-1895-4b3c-8f17-a065f374067e
[I 2026-04-03 15:37:14.631 ServerApp] Kernel shutdown: 631f8175-599b-43eb-8d49-c42c55b5a909
[I 2026-04-03 15:37:47.946 ServerApp] Kernel started: 08d2fb9a-469b-48e1-84a7-f3fd54b738e5
[I 2026-04-03 15:37:52.117 ServerApp] Connecting to kernel 08d2fb9a-469b-48e1-84a7-f3fd54b738e5.
2026-04-03 15:37:55.554570: E external/local_xla/xla/stream_executor/cuda/cuda_fft.cc:467] Unable to register cuFFT factory: Attempting to register factory for plugin cuFFT when one has already been registered
WARNING: All log messages before absl::InitializeLog() is called are written to STDERR
E0000 00:00:1775255875.569285 1355981 cuda_dnn.cc:8579] Unable to register cuDNN factory: Attempting to register factory for plugin cuDNN when one has already been registered
E0000 00:00:1775255875.574174 1355981 cuda_blas.cc:1407] Unable to register cuBLAS factory: Attempting to register factory for plugin cuBLAS when one has already been registered
W0000 00:00:1775255875.588029 1355981 computation_placer.cc:177] computation placer already registered. Please check linkage and avoid linking the same target more than once.
W0000 00:00:1775255875.588040 1355981 computation_placer.cc:177] computation placer already registered. Please check linkage and avoid linking the same target more than once.
W0000 00:00:1775255875.588043 1355981 computation_placer.cc:177] computation placer already registered. Please check linkage and avoid linking the same target more than once.
W0000 00:00:1775255875.588044 1355981 computation_placer.cc:177] computation placer already registered. Please check linkage and avoid linking the same target more than once.
[I 2026-04-03 15:38:35.548 ServerApp] Saving file at /global/homes/c/chaseg/nuts/system-65/system65.ipynb
[I 2026-04-03 15:38:35.576 ServerApp] Saving system65.ipynb
2026-04-03 15:38:59.693851: W external/xla/xla/service/gpu/autotuning/dot_search_space.cc:200] All configs were filtered out because none of them sufficiently match the hints. Maybe the hints set does not contain a good representative set of valid configs?Working around this by using the full hints set instead.
2026-04-03 15:38:59.693983: W external/xla/xla/service/gpu/autotuning/dot_search_space.cc:200] All configs were filtered out because none of them sufficiently match the hints. Maybe the hints set does not contain a good representative set of valid configs?Working around this by using the full hints set instead.
2026-04-03 15:38:59.694012: W external/xla/xla/service/gpu/autotuning/dot_search_space.cc:200] All configs were filtered out because none of them sufficiently match the hints. Maybe the hints set does not contain a good representative set of valid configs?Working around this by using the full hints set instead.
2026-04-03 15:38:59.694039: W external/xla/xla/service/gpu/autotuning/dot_search_space.cc:200] All configs were filtered out because none of them sufficiently match the hints. Maybe the hints set does not contain a good representative set of valid configs?Working around this by using the full hints set instead.
2026-04-03 15:38:59.694048: W external/xla/xla/service/gpu/autotuning/dot_search_space.cc:200] All configs were filtered out because none of them sufficiently match the hints. Maybe the hints set does not contain a good representative set of valid configs?Working around this by using the full hints set instead.
2026-04-03 15:39:02.863901: E external/xla/xla/stream_executor/cuda/cuda_timer.cc:86] Delay kernel timed out: measured time has sub-optimal accuracy. There may be a missing warmup execution, please investigate in Nsight Systems.
2026-04-03 15:39:03.020859: E external/xla/xla/service/slow_operation_alarm.cc:73] Trying algorithm eng4{} for conv %cudnn-conv.4 = (f32[16,33,120,120]{3,2,1,0}, u8[0]{0}) custom-call(%bitcast.986, %constant.23448), window={size=29x29 pad=14_14x14_14}, dim_labels=bf01_oi01->bf01, feature_group_count=33, custom_call_target="__cudnn$convForward", metadata={op_name="pmap(warmup_device_chain)/jit(main)/vmap(jvp(jit(log_prob)))/jit(log_prob)/jit(lstsq_simulate)/conv_general_dilated" source_file="/global/u1/c/chaseg/nuts/system-65/../nuts_multi_2.py" source_line=37}, backend_config={"operation_queue_id":"0","wait_on_operation_queues":[],"cudnn_conv_backend_config":{"conv_result_scale":1,"activation_mode":"kNone","side_input_scale":0,"leakyrelu_alpha":0},"force_earliest_schedule":false,"reification_cost":[]} is taking a while...
2026-04-03 15:39:03.360588: E external/xla/xla/stream_executor/cuda/cuda_timer.cc:86] Delay kernel timed out: measured time has sub-optimal accuracy. There may be a missing warmup execution, please investigate in Nsight Systems.
2026-04-03 15:39:03.369945: E external/xla/xla/service/slow_operation_alarm.cc:140] The operation took 1.349168263s
Trying algorithm eng4{} for conv %cudnn-conv.4 = (f32[16,33,120,120]{3,2,1,0}, u8[0]{0}) custom-call(%bitcast.986, %constant.23448), window={size=29x29 pad=14_14x14_14}, dim_labels=bf01_oi01->bf01, feature_group_count=33, custom_call_target="__cudnn$convForward", metadata={op_name="pmap(warmup_device_chain)/jit(main)/vmap(jvp(jit(log_prob)))/jit(log_prob)/jit(lstsq_simulate)/conv_general_dilated" source_file="/global/u1/c/chaseg/nuts/system-65/../nuts_multi_2.py" source_line=37}, backend_config={"operation_queue_id":"0","wait_on_operation_queues":[],"cudnn_conv_backend_config":{"conv_result_scale":1,"activation_mode":"kNone","side_input_scale":0,"leakyrelu_alpha":0},"force_earliest_schedule":false,"reification_cost":[]} is taking a while...
2026-04-03 15:39:04.617667: E external/xla/xla/service/slow_operation_alarm.cc:73] Trying algorithm eng35{k2=1,k5=3,k14=2} for conv %cudnn-conv.4 = (f32[16,33,120,120]{3,2,1,0}, u8[0]{0}) custom-call(%bitcast.986, %constant.23448), window={size=29x29 pad=14_14x14_14}, dim_labels=bf01_oi01->bf01, feature_group_count=33, custom_call_target="__cudnn$convForward", metadata={op_name="pmap(warmup_device_chain)/jit(main)/vmap(jvp(jit(log_prob)))/jit(log_prob)/jit(lstsq_simulate)/conv_general_dilated" source_file="/global/u1/c/chaseg/nuts/system-65/../nuts_multi_2.py" source_line=37}, backend_config={"operation_queue_id":"0","wait_on_operation_queues":[],"cudnn_conv_backend_config":{"conv_result_scale":1,"activation_mode":"kNone","side_input_scale":0,"leakyrelu_alpha":0},"force_earliest_schedule":false,"reification_cost":[]} is taking a while...
2026-04-03 15:39:04.626816: E external/xla/xla/service/slow_operation_alarm.cc:140] The operation took 1.009247399s
Trying algorithm eng35{k2=1,k5=3,k14=2} for conv %cudnn-conv.4 = (f32[16,33,120,120]{3,2,1,0}, u8[0]{0}) custom-call(%bitcast.986, %constant.23448), window={size=29x29 pad=14_14x14_14}, dim_labels=bf01_oi01->bf01, feature_group_count=33, custom_call_target="__cudnn$convForward", metadata={op_name="pmap(warmup_device_chain)/jit(main)/vmap(jvp(jit(log_prob)))/jit(log_prob)/jit(lstsq_simulate)/conv_general_dilated" source_file="/global/u1/c/chaseg/nuts/system-65/../nuts_multi_2.py" source_line=37}, backend_config={"operation_queue_id":"0","wait_on_operation_queues":[],"cudnn_conv_backend_config":{"conv_result_scale":1,"activation_mode":"kNone","side_input_scale":0,"leakyrelu_alpha":0},"force_earliest_schedule":false,"reification_cost":[]} is taking a while...
2026-04-03 15:39:06.761979: E external/xla/xla/service/slow_operation_alarm.cc:73] Trying algorithm eng46{k2=5,k5=3,k14=4} for conv %cudnn-conv.4 = (f32[16,33,120,120]{3,2,1,0}, u8[0]{0}) custom-call(%bitcast.986, %constant.23448), window={size=29x29 pad=14_14x14_14}, dim_labels=bf01_oi01->bf01, feature_group_count=33, custom_call_target="__cudnn$convForward", metadata={op_name="pmap(warmup_device_chain)/jit(main)/vmap(jvp(jit(log_prob)))/jit(log_prob)/jit(lstsq_simulate)/conv_general_dilated" source_file="/global/u1/c/chaseg/nuts/system-65/../nuts_multi_2.py" source_line=37}, backend_config={"operation_queue_id":"0","wait_on_operation_queues":[],"cudnn_conv_backend_config":{"conv_result_scale":1,"activation_mode":"kNone","side_input_scale":0,"leakyrelu_alpha":0},"force_earliest_schedule":false,"reification_cost":[]} is taking a while...
2026-04-03 15:39:06.962156: E external/xla/xla/service/slow_operation_alarm.cc:140] The operation took 1.200280938s
Trying algorithm eng46{k2=5,k5=3,k14=4} for conv %cudnn-conv.4 = (f32[16,33,120,120]{3,2,1,0}, u8[0]{0}) custom-call(%bitcast.986, %constant.23448), window={size=29x29 pad=14_14x14_14}, dim_labels=bf01_oi01->bf01, feature_group_count=33, custom_call_target="__cudnn$convForward", metadata={op_name="pmap(warmup_device_chain)/jit(main)/vmap(jvp(jit(log_prob)))/jit(log_prob)/jit(lstsq_simulate)/conv_general_dilated" source_file="/global/u1/c/chaseg/nuts/system-65/../nuts_multi_2.py" source_line=37}, backend_config={"operation_queue_id":"0","wait_on_operation_queues":[],"cudnn_conv_backend_config":{"conv_result_scale":1,"activation_mode":"kNone","side_input_scale":0,"leakyrelu_alpha":0},"force_earliest_schedule":false,"reification_cost":[]} is taking a while...
[I 2026-04-03 15:40:36.591 ServerApp] Saving file at /global/homes/c/chaseg/nuts/system-65/system65.ipynb
[I 2026-04-03 15:40:36.627 ServerApp] Saving system65.ipynb
[I 2026-04-03 15:48:40.340 ServerApp] Starting buffering for 08d2fb9a-469b-48e1-84a7-f3fd54b738e5:42938639-e71a-4804-b7b2-edd0da6fd99a
[I 2026-04-03 15:48:40.489 ServerApp] Connecting to kernel 08d2fb9a-469b-48e1-84a7-f3fd54b738e5.
[I 2026-04-03 15:48:40.490 ServerApp] Restoring connection for 08d2fb9a-469b-48e1-84a7-f3fd54b738e5:42938639-e71a-4804-b7b2-edd0da6fd99a
[I 2026-04-03 16:02:47.119 ServerApp] Kernel started: f5076dbb-7423-4ece-a730-9316a12aaf69
[I 2026-04-03 16:02:52.461 ServerApp] Connecting to kernel f5076dbb-7423-4ece-a730-9316a12aaf69.
[I 2026-04-03 16:22:27.508 ServerApp] New terminal with automatic name: 1
[I 2026-04-03 16:22:27.509 ServerApp] Culling terminals with inactivity > 64800 seconds at 300 second intervals ...
/global/common/software/nersc9/jupyter/ex/26-03/lib/python3.10/json/encoder.py:257: UserWarning: date_default is deprecated since jupyter_client 7.0.0. Use jupyter_client.jsonutil.json_default.
  return _iterencode(o, 0)
/global/common/software/nersc9/jupyter/ex/26-03/lib/python3.10/json/encoder.py:257: UserWarning: date_default is deprecated since jupyter_client 7.0.0. Use jupyter_client.jsonutil.json_default.
  return _iterencode(o, 0)
[I 2026-04-03 16:26:00.525 ServerApp] Saving file at /global/homes/c/chaseg/nuts/system-65/system65.ipynb
[I 2026-04-03 16:26:00.562 ServerApp] Saving system65.ipynb
[I 2026-04-03 16:28:25.643 ServerApp] Starting buffering for f5076dbb-7423-4ece-a730-9316a12aaf69:a076490d-8cbf-4069-918b-f01faf58e085
[I 2026-04-03 16:28:25.644 ServerApp] Starting buffering for 08d2fb9a-469b-48e1-84a7-f3fd54b738e5:42938639-e71a-4804-b7b2-edd0da6fd99a
[I 2026-04-03 16:28:25.683 ServerApp] Connecting to kernel f5076dbb-7423-4ece-a730-9316a12aaf69.
[I 2026-04-03 16:28:25.683 ServerApp] Restoring connection for f5076dbb-7423-4ece-a730-9316a12aaf69:a076490d-8cbf-4069-918b-f01faf58e085
[I 2026-04-03 16:28:25.734 ServerApp] Connecting to kernel 08d2fb9a-469b-48e1-84a7-f3fd54b738e5.
[I 2026-04-03 16:28:25.734 ServerApp] Restoring connection for 08d2fb9a-469b-48e1-84a7-f3fd54b738e5:42938639-e71a-4804-b7b2-edd0da6fd99a
/global/common/software/nersc9/jupyter/ex/26-03/lib/python3.10/json/encoder.py:257: UserWarning: date_default is deprecated since jupyter_client 7.0.0. Use jupyter_client.jsonutil.json_default.
  return _iterencode(o, 0)
[I 2026-04-03 16:38:04.733 ServerApp] Saving file at /global/homes/c/chaseg/nuts/system-65/system65.ipynb
[I 2026-04-03 16:38:04.771 ServerApp] Saving system65.ipynb
[I 2026-04-03 16:40:05.572 ServerApp] Saving file at /global/homes/c/chaseg/nuts/system-65/system65.ipynb
[I 2026-04-03 16:40:05.609 ServerApp] Saving system65.ipynb
[I 2026-04-03 16:41:49.991 ServerApp] Starting buffering for 08d2fb9a-469b-48e1-84a7-f3fd54b738e5:42938639-e71a-4804-b7b2-edd0da6fd99a
[I 2026-04-03 16:41:50.030 ServerApp] Starting buffering for f5076dbb-7423-4ece-a730-9316a12aaf69:a076490d-8cbf-4069-918b-f01faf58e085
[I 2026-04-03 16:41:50.092 ServerApp] Connecting to kernel 08d2fb9a-469b-48e1-84a7-f3fd54b738e5.
[I 2026-04-03 16:41:50.092 ServerApp] Restoring connection for 08d2fb9a-469b-48e1-84a7-f3fd54b738e5:42938639-e71a-4804-b7b2-edd0da6fd99a
[I 2026-04-03 16:41:50.148 ServerApp] Connecting to kernel f5076dbb-7423-4ece-a730-9316a12aaf69.
[I 2026-04-03 16:41:50.148 ServerApp] Restoring connection for f5076dbb-7423-4ece-a730-9316a12aaf69:a076490d-8cbf-4069-918b-f01faf58e085
[I 2026-04-03 16:42:06.707 ServerApp] Saving file at /global/homes/c/chaseg/nuts/system-65/system65.ipynb
[I 2026-04-03 16:42:06.736 ServerApp] Saving system65.ipynb
/global/common/software/nersc9/jupyter/ex/26-03/lib/python3.10/json/encoder.py:257: UserWarning: date_default is deprecated since jupyter_client 7.0.0. Use jupyter_client.jsonutil.json_default.
  return _iterencode(o, 0)
[I 2026-04-03 16:52:37.378 ServerApp] Starting buffering for 08d2fb9a-469b-48e1-84a7-f3fd54b738e5:42938639-e71a-4804-b7b2-edd0da6fd99a
[I 2026-04-03 16:52:37.382 ServerApp] Starting buffering for f5076dbb-7423-4ece-a730-9316a12aaf69:a076490d-8cbf-4069-918b-f01faf58e085
[I 2026-04-03 16:52:37.467 ServerApp] Connecting to kernel 08d2fb9a-469b-48e1-84a7-f3fd54b738e5.
[I 2026-04-03 16:52:37.467 ServerApp] Restoring connection for 08d2fb9a-469b-48e1-84a7-f3fd54b738e5:42938639-e71a-4804-b7b2-edd0da6fd99a
[I 2026-04-03 16:52:37.513 ServerApp] Connecting to kernel f5076dbb-7423-4ece-a730-9316a12aaf69.
[I 2026-04-03 16:52:37.513 ServerApp] Restoring connection for f5076dbb-7423-4ece-a730-9316a12aaf69:a076490d-8cbf-4069-918b-f01faf58e085
[I 2026-04-03 16:57:12.256 ServerApp] Starting buffering for f5076dbb-7423-4ece-a730-9316a12aaf69:a076490d-8cbf-4069-918b-f01faf58e085
[I 2026-04-03 16:57:12.259 ServerApp] Starting buffering for 08d2fb9a-469b-48e1-84a7-f3fd54b738e5:42938639-e71a-4804-b7b2-edd0da6fd99a
[I 2026-04-03 16:57:12.322 ServerApp] Connecting to kernel f5076dbb-7423-4ece-a730-9316a12aaf69.
[I 2026-04-03 16:57:12.322 ServerApp] Restoring connection for f5076dbb-7423-4ece-a730-9316a12aaf69:a076490d-8cbf-4069-918b-f01faf58e085
[I 2026-04-03 16:57:12.429 ServerApp] Connecting to kernel 08d2fb9a-469b-48e1-84a7-f3fd54b738e5.
[I 2026-04-03 16:57:12.429 ServerApp] Restoring connection for 08d2fb9a-469b-48e1-84a7-f3fd54b738e5:42938639-e71a-4804-b7b2-edd0da6fd99a
[I 2026-04-03 17:01:27.148 ServerApp] Starting buffering for 08d2fb9a-469b-48e1-84a7-f3fd54b738e5:42938639-e71a-4804-b7b2-edd0da6fd99a
[I 2026-04-03 17:01:27.154 ServerApp] Starting buffering for f5076dbb-7423-4ece-a730-9316a12aaf69:a076490d-8cbf-4069-918b-f01faf58e085
[I 2026-04-03 17:01:27.195 ServerApp] Connecting to kernel 08d2fb9a-469b-48e1-84a7-f3fd54b738e5.
[I 2026-04-03 17:01:27.196 ServerApp] Restoring connection for 08d2fb9a-469b-48e1-84a7-f3fd54b738e5:42938639-e71a-4804-b7b2-edd0da6fd99a
[I 2026-04-03 17:01:27.286 ServerApp] Connecting to kernel f5076dbb-7423-4ece-a730-9316a12aaf69.
[I 2026-04-03 17:01:27.287 ServerApp] Restoring connection for f5076dbb-7423-4ece-a730-9316a12aaf69:a076490d-8cbf-4069-918b-f01faf58e085
[I 2026-04-03 17:13:00.026 ServerApp] Starting buffering for 08d2fb9a-469b-48e1-84a7-f3fd54b738e5:42938639-e71a-4804-b7b2-edd0da6fd99a
[I 2026-04-03 17:13:00.027 ServerApp] Starting buffering for f5076dbb-7423-4ece-a730-9316a12aaf69:a076490d-8cbf-4069-918b-f01faf58e085
[I 2026-04-03 17:42:12.527 ServerApp] Connecting to kernel f5076dbb-7423-4ece-a730-9316a12aaf69.
[I 2026-04-03 17:42:12.527 ServerApp] Restoring connection for f5076dbb-7423-4ece-a730-9316a12aaf69:a076490d-8cbf-4069-918b-f01faf58e085
[I 2026-04-03 17:42:12.624 ServerApp] Connecting to kernel 08d2fb9a-469b-48e1-84a7-f3fd54b738e5.
[I 2026-04-03 17:42:12.624 ServerApp] Restoring connection for 08d2fb9a-469b-48e1-84a7-f3fd54b738e5:42938639-e71a-4804-b7b2-edd0da6fd99a
[I 2026-04-03 17:42:13.447 ServerApp] Starting buffering for 08d2fb9a-469b-48e1-84a7-f3fd54b738e5:42938639-e71a-4804-b7b2-edd0da6fd99a
[I 2026-04-03 17:42:13.447 ServerApp] Starting buffering for f5076dbb-7423-4ece-a730-9316a12aaf69:a076490d-8cbf-4069-918b-f01faf58e085
[I 2026-04-03 17:54:02.621 ServerApp] Connecting to kernel f5076dbb-7423-4ece-a730-9316a12aaf69.
[I 2026-04-03 17:54:02.622 ServerApp] Restoring connection for f5076dbb-7423-4ece-a730-9316a12aaf69:a076490d-8cbf-4069-918b-f01faf58e085
[I 2026-04-03 17:54:02.714 ServerApp] Connecting to kernel 08d2fb9a-469b-48e1-84a7-f3fd54b738e5.
[I 2026-04-03 17:54:02.715 ServerApp] Restoring connection for 08d2fb9a-469b-48e1-84a7-f3fd54b738e5:42938639-e71a-4804-b7b2-edd0da6fd99a
[I 2026-04-03 17:54:58.757 ServerApp] Starting buffering for 08d2fb9a-469b-48e1-84a7-f3fd54b738e5:42938639-e71a-4804-b7b2-edd0da6fd99a
[I 2026-04-03 17:54:58.758 ServerApp] Starting buffering for f5076dbb-7423-4ece-a730-9316a12aaf69:a076490d-8cbf-4069-918b-f01faf58e085
[2026-04-04T04:09:49.837] error: *** JOB 50959928 ON nid001081 CANCELLED AT 2026-04-04T04:09:49 DUE TO TIME LIMIT ***
