2026-07-03T09:58:22-07:00 LAUNCH
[I 2026-07-03 09:58:29.139 ServerApp] Extension package dask_labextension took 1.5980s to import
[W 2026-07-03 09:58:29.139 ServerApp] A `_jupyter_server_extension_points` function was not found in dask_labextension. Instead, a `_jupyter_server_extension_paths` function was found and will be used for now. This function name will be deprecated in future releases of Jupyter Server.
[I 2026-07-03 09:58:29.240 ServerApp] Extension package jupyter_lsp took 0.1006s to import
[I 2026-07-03 09:58:30.988 ServerApp] Extension package jupyterlab_h5web took 1.0955s to import
[I 2026-07-03 09:58:31.282 ServerApp] Extension package jupyterlab_jupytext took 0.2935s to import
[W 2026-07-03 09:58:31.395 ServerApp] A `_jupyter_server_extension_points` function was not found in nbclassic. Instead, a `_jupyter_server_extension_paths` function was found and will be used for now. This function name will be deprecated in future releases of Jupyter Server.
[I 2026-07-03 09:58:31.402 ServerApp] dask_labextension | extension was successfully linked.
[I 2026-07-03 09:58:31.403 ServerApp] jupyter_lsp | extension was successfully linked.
[I 2026-07-03 09:58:31.403 ServerApp] jupyter_resource_usage | extension was successfully linked.
[I 2026-07-03 09:58:31.415 ServerApp] jupyter_server_mathjax | extension was successfully linked.
[I 2026-07-03 09:58:31.415 ServerApp] jupyter_server_proxy | extension was successfully linked.
[I 2026-07-03 09:58:31.424 ServerApp] jupyter_server_terminals | extension was successfully linked.
[I 2026-07-03 09:58:31.424 JupyterHubSingleUser] Starting jupyterhub single-user server extension version 5.0.0
[I 2026-07-03 09:58:31.425 JupyterHubSingleUser] Using default url from environment $JUPYTERHUB_DEFAULT_URL: /lab/tree/global/homes/c/chaseg
[I 2026-07-03 09:58:31.428 ServerApp] jupyterhub | extension was successfully linked.
[W 2026-07-03 09:58:31.435 LabApp] 'extra_template_paths' was found in both NotebookApp and ServerApp. This is likely a recent change. This config will only be set in NotebookApp. Please check if you should also config these traits in ServerApp for your purpose.
[I 2026-07-03 09:58:31.438 ServerApp] jupyterlab | extension was successfully linked.
[I 2026-07-03 09:58:31.438 ServerApp] jupyterlab_code_formatter | extension was successfully linked.
[I 2026-07-03 09:58:31.439 ServerApp] jupyterlab_git | extension was successfully linked.
[I 2026-07-03 09:58:31.439 ServerApp] jupyterlab_h5web | extension was successfully linked.
[I 2026-07-03 09:58:31.439 ServerApp] jupyterlab_jupytext | extension was successfully linked.
[I 2026-07-03 09:58:31.439 ServerApp] jupyterlab_nvdashboard | extension was successfully linked.
[I 2026-07-03 09:58:31.440 ServerApp] jupyterlab_wall | extension was successfully linked.
[W 2026-07-03 09:58:31.446 NotebookApp] 'extra_template_paths' was found in both NotebookApp and ServerApp. This is likely a recent change. This config will only be set in NotebookApp. Please check if you should also config these traits in ServerApp for your purpose.
[I 2026-07-03 09:58:31.448 ServerApp] nbclassic | extension was successfully linked.
[I 2026-07-03 09:58:31.449 ServerApp] nbdime | extension was successfully linked.
[W 2026-07-03 09:58:31.454 JupyterNotebookApp] 'extra_template_paths' was found in both NotebookApp and ServerApp. This is likely a recent change. This config will only be set in NotebookApp. Please check if you should also config these traits in ServerApp for your purpose.
[I 2026-07-03 09:58:31.456 ServerApp] notebook | extension was successfully linked.
[I 2026-07-03 09:58:31.464 ServerApp] Writing Jupyter server cookie secret to /tmp/jupyter-runtime-d721d135-88a6-41b6-bf72-389570a91f6f/jupyter_cookie_secret
[I 2026-07-03 09:58:31.495 ServerApp] notebook_shim | extension was successfully linked.
[I 2026-07-03 09:58:31.578 ServerApp] notebook_shim | extension was successfully loaded.
[I 2026-07-03 09:58:31.579 ServerApp] dask_labextension | extension was successfully loaded.
[I 2026-07-03 09:58:31.581 ServerApp] jupyter_lsp | extension was successfully loaded.
[I 2026-07-03 09:58:31.582 ServerApp] jupyter_resource_usage | extension was successfully loaded.
[I 2026-07-03 09:58:31.583 ServerApp] jupyter_server_mathjax | extension was successfully loaded.
[I 2026-07-03 09:58:31.619 ServerApp] jupyter_server_proxy | extension was successfully loaded.
[I 2026-07-03 09:58:31.623 ServerApp] jupyter_server_terminals | extension was successfully loaded.
[I 2026-07-03 09:58:31.645 JupyterHubSingleUser] Updating Hub with activity every 300 seconds
[I 2026-07-03 09:58:31.645 ServerApp] jupyterhub | extension was successfully loaded.
[I 2026-07-03 09:58:31.863 ServerApp] Skipped non-installed server(s): bash-language-server, dockerfile-language-server-nodejs, javascript-typescript-langserver, jedi-language-server, julia-language-server, pyright, python-language-server, python-lsp-server, r-languageserver, sql-language-server, texlab, typescript-language-server, unified-language-server, vscode-css-languageserver-bin, vscode-html-languageserver-bin, vscode-json-languageserver-bin, yaml-language-server
[I 2026-07-03 09:58:31.970 LabApp] JupyterLab extension loaded from /global/common/software/nersc9/jupyter/ex/26-06/lib/python3.10/site-packages/jupyterlab
[I 2026-07-03 09:58:31.970 LabApp] JupyterLab application directory is /global/common/software/nersc9/jupyter/ex/26-06/share/jupyter/lab
[I 2026-07-03 09:58:31.972 LabApp] Extension Manager is 'pypi'.
[I 2026-07-03 09:58:31.994 ServerApp] jupyterlab | extension was successfully loaded.
[I 2026-07-03 09:58:31.995 ServerApp] Registered jupyterlab_code_formatter server extension
[I 2026-07-03 09:58:31.995 ServerApp] jupyterlab_code_formatter | extension was successfully loaded.
[I 2026-07-03 09:58:32.002 ServerApp] jupyterlab_git | extension was successfully loaded.
[I 2026-07-03 09:58:32.348 ServerApp] Jupyterlab-h5web extension will serve HDF5 files from /
[I 2026-07-03 09:58:32.348 ServerApp] jupyterlab_h5web | extension was successfully loaded.
[W 2026-07-03 09:58:32.349 ServerApp] [Jupytext Server Extension] Async contents managers like {base_class.__name__} are not supported at the moment (https://github.com/mwouts/jupytext/issues/1020). We will derive a contents manager from LargeFileManager instead.
[I 2026-07-03 09:58:32.349 ServerApp] [Jupytext Server Extension] Deriving a JupytextContentsManager from LargeFileManager
[I 2026-07-03 09:58:32.350 ServerApp] jupyterlab_jupytext | extension was successfully loaded.
[I 2026-07-03 09:58:32.351 ServerApp] Registered jupyterlab_nvdashboard server extension
[I 2026-07-03 09:58:32.351 ServerApp] jupyterlab_nvdashboard | extension was successfully loaded.
[I 2026-07-03 09:58:32.352 ServerApp] Registered jupyterlab_wall server extension
[I 2026-07-03 09:58:32.353 ServerApp] jupyterlab_wall | extension was successfully loaded.
[I 2026-07-03 09:58:32.423 ServerApp] nbclassic | extension was successfully loaded.
[I 2026-07-03 09:58:32.774 ServerApp] nbdime | extension was successfully loaded.
[I 2026-07-03 09:58:32.857 ServerApp] notebook | extension was successfully loaded.
[I 2026-07-03 09:58:32.858 ServerApp] Will shut down after 64800 seconds with no kernels.
[I 2026-07-03 09:58:32.858 ServerApp] Serving notebooks from local directory: /
[I 2026-07-03 09:58:32.859 ServerApp] Jupyter Server 2.14.2 is running at:
[I 2026-07-03 09:58:32.859 ServerApp] http://nid001184:33221/user/chaseg/perlmutter-exclusive-node-gpu/lab/tree/global/homes/c/chaseg?token=...
[I 2026-07-03 09:58:32.859 ServerApp]     http://127.0.0.1:33221/user/chaseg/perlmutter-exclusive-node-gpu/lab/tree/global/homes/c/chaseg?token=...
[I 2026-07-03 09:58:32.861 ServerApp] Use Control-C to stop this server and shut down all kernels (twice to skip confirmation).
[W 2026-07-03 09:58:54.712 LabApp] Could not determine jupyterlab build status without nodejs
[I 2026-07-03 09:58:54.805 ServerApp] Loaded Jupytext configuration file at /global/common/software/nersc9/jupyter/ex/26-06/etc/jupytext/jupytext.toml
[I 2026-07-03 09:58:56.572 ServerApp] New terminal with automatic name: 1
[I 2026-07-03 09:58:56.574 ServerApp] Culling terminals with inactivity > 64800 seconds at 300 second intervals ...
[I 2026-07-03 09:58:56.805 ServerApp] New terminal with automatic name: 3
[I 2026-07-03 10:16:09.350 ServerApp] New terminal with automatic name: 2
[I 2026-07-03 10:17:08.067 ServerApp] Saving file at /global/homes/c/chaseg/clensing/describe.md
[I 2026-07-03 10:19:04.242 ServerApp] Saving file at /global/homes/c/chaseg/clensing/describe.md
[I 2026-07-03 10:19:44.386 ServerApp] New terminal with automatic name: 4
[I 2026-07-03 10:19:57.914 ServerApp] Saving file at /global/homes/c/chaseg/clensing/src/main.cpp
[I 2026-07-03 10:20:00.370 ServerApp] Saving file at /global/homes/c/chaseg/clensing/src/main.cpp
[I 2026-07-03 10:21:17.617 ServerApp] Saving file at /global/homes/c/chaseg/clensing/run.sh
[I 2026-07-03 10:21:19.521 ServerApp] Saving file at /global/homes/c/chaseg/clensing/run.sh
[I 2026-07-03 10:22:21.951 ServerApp] New terminal with automatic name: 5
[I 2026-07-03 10:32:07.208 ServerApp] Saving file at /global/homes/c/chaseg/clensing/src/inference.hpp
[I 2026-07-03 10:53:49.813 ServerApp] Saving file at /global/homes/c/chaseg/clensing/run.sh
[I 2026-07-03 10:54:25.808 ServerApp] Saving file at /global/homes/c/chaseg/clensing/run.sh
[I 2026-07-03 11:10:39.485 ServerApp] Saving file at /global/homes/c/chaseg/clensing/run.sh
[I 2026-07-03 11:10:42.895 ServerApp] Saving file at /global/homes/c/chaseg/clensing/run.sh
[I 2026-07-03 11:11:11.462 ServerApp] Saving file at /global/homes/c/chaseg/clensing/run.sh
[I 2026-07-03 11:13:12.716 ServerApp] New terminal with automatic name: 6
[I 2026-07-03 11:14:19.466 ServerApp] Saving file at /global/homes/c/chaseg/desi-238/laps-238.py
[I 2026-07-03 11:15:22.809 ServerApp] Saving file at /global/homes/c/chaseg/desi-238/laps-238.py
[I 2026-07-03 11:15:34.931 ServerApp] Saving file at /global/homes/c/chaseg/desi-238/run_laps-238.sh
[I 2026-07-03 11:15:38.847 ServerApp] Saving file at /global/homes/c/chaseg/desi-238/run_laps-238.sh
[I 2026-07-03 11:16:19.884 ServerApp] Saving file at /global/homes/c/chaseg/desi-238/run_laps-238.sh
[I 2026-07-03 11:17:28.186 ServerApp] Saving file at /global/homes/c/chaseg/desi-238/run_laps-238.sh
[I 2026-07-03 11:17:32.087 ServerApp] Saving file at /global/homes/c/chaseg/desi-238/run_laps-238.sh
[I 2026-07-03 11:20:54.537 ServerApp] Saving file at /global/homes/c/chaseg/desi-238/run_laps-238.sh
[I 2026-07-03 11:52:28.931 ServerApp] Saving file at /global/homes/c/chaseg/desi-238/run_laps-238.sh
[I 2026-07-03 11:53:20.622 ServerApp] Saving file at /global/homes/c/chaseg/clensing/run.sh
[I 2026-07-03 12:09:20.619 ServerApp] Saving file at /global/homes/c/chaseg/desi-238/run_laps-238.sh
[I 2026-07-03 12:12:41.863 ServerApp] Saving file at /global/homes/c/chaseg/desi-238/run_laps-238.sh
[I 2026-07-03 12:12:46.441 ServerApp] Saving file at /global/homes/c/chaseg/desi-238/run_laps-238.sh
[I 2026-07-03 12:16:41.477 ServerApp] Saving file at /global/homes/c/chaseg/desi-238/run_laps-238.sh
[I 2026-07-03 12:17:02.478 ServerApp] Saving file at /global/homes/c/chaseg/desi-238/run_laps-238.sh
[I 2026-07-03 12:17:05.137 ServerApp] Saving file at /global/homes/c/chaseg/desi-238/run_laps-238.sh
[I 2026-07-03 12:18:34.943 ServerApp] Saving file at /global/homes/c/chaseg/desi-238/run_laps-238.sh
[I 2026-07-03 12:19:01.271 ServerApp] Saving file at /global/homes/c/chaseg/desi-238/run_laps-238.sh
[I 2026-07-03 12:19:04.746 ServerApp] Saving file at /global/homes/c/chaseg/desi-238/run_laps-238.sh
[I 2026-07-03 12:22:44.226 ServerApp] Saving file at /global/homes/c/chaseg/desi-238/run_laps-238.sh
[I 2026-07-03 12:30:09.837 ServerApp] Saving file at /global/homes/c/chaseg/desi-238/run_laps-238.sh
[I 2026-07-03 12:31:51.554 ServerApp] Saving file at /global/homes/c/chaseg/desi-238/run_laps-238.sh
[I 2026-07-03 12:31:59.961 ServerApp] New terminal with automatic name: 7
[I 2026-07-03 12:38:16.235 ServerApp] Saving file at /global/homes/c/chaseg/desi-238/run_laps-238.sh
[I 2026-07-03 12:43:06.144 ServerApp] Saving file at /global/homes/c/chaseg/desi-238/laps-238.py
[I 2026-07-03 12:43:30.860 ServerApp] New terminal with automatic name: 8
[I 2026-07-03 12:44:25.115 ServerApp] New terminal with automatic name: 9
[I 2026-07-03 12:44:47.112 ServerApp] New terminal with automatic name: 10
[I 2026-07-03 12:46:52.948 ServerApp] Saving file at /global/homes/c/chaseg/desi-238/laps-238.py
[W 2026-07-03 13:11:35.749 TerminalsExtensionApp] WebSocket ping timeout after 90000 ms.
[W 2026-07-03 13:11:35.967 TerminalsExtensionApp] WebSocket ping timeout after 90000 ms.
[W 2026-07-03 13:11:36.194 TerminalsExtensionApp] WebSocket ping timeout after 90000 ms.
[W 2026-07-03 13:11:36.397 TerminalsExtensionApp] WebSocket ping timeout after 90001 ms.
[W 2026-07-03 13:11:36.619 TerminalsExtensionApp] WebSocket ping timeout after 90001 ms.
[W 2026-07-03 13:11:36.808 TerminalsExtensionApp] WebSocket ping timeout after 90000 ms.
[2026-07-03T22:58:30.346] error: *** JOB 55443187 ON nid001184 CANCELLED AT 2026-07-03T22:58:30 DUE TO TIME LIMIT ***
