2026-07-03T23:03:49-07:00 LAUNCH
[I 2026-07-03 23:03:54.484 ServerApp] Extension package dask_labextension took 1.2914s to import
[W 2026-07-03 23:03:54.485 ServerApp] A `_jupyter_server_extension_points` function was not found in dask_labextension. Instead, a `_jupyter_server_extension_paths` function was found and will be used for now. This function name will be deprecated in future releases of Jupyter Server.
[I 2026-07-03 23:03:54.604 ServerApp] Extension package jupyter_lsp took 0.1179s to import
[I 2026-07-03 23:03:54.793 ServerApp] Extension package jupyterlab took 0.1088s to import
[I 2026-07-03 23:03:55.237 ServerApp] Extension package jupyterlab_git took 0.1062s to import
[I 2026-07-03 23:03:56.400 ServerApp] Extension package jupyterlab_h5web took 1.1618s to import
[I 2026-07-03 23:03:56.742 ServerApp] Extension package jupyterlab_jupytext took 0.3413s to import
[I 2026-07-03 23:03:56.847 ServerApp] Extension package jupyterlab_nvdashboard took 0.1050s to import
[W 2026-07-03 23:03:56.891 ServerApp] A `_jupyter_server_extension_points` function was not found in nbclassic. Instead, a `_jupyter_server_extension_paths` function was found and will be used for now. This function name will be deprecated in future releases of Jupyter Server.
[I 2026-07-03 23:03:56.898 ServerApp] dask_labextension | extension was successfully linked.
[I 2026-07-03 23:03:56.899 ServerApp] jupyter_lsp | extension was successfully linked.
[I 2026-07-03 23:03:56.899 ServerApp] jupyter_resource_usage | extension was successfully linked.
[I 2026-07-03 23:03:56.911 ServerApp] jupyter_server_mathjax | extension was successfully linked.
[I 2026-07-03 23:03:56.911 ServerApp] jupyter_server_proxy | extension was successfully linked.
[I 2026-07-03 23:03:56.918 ServerApp] jupyter_server_terminals | extension was successfully linked.
[I 2026-07-03 23:03:56.919 JupyterHubSingleUser] Starting jupyterhub single-user server extension version 5.0.0
[I 2026-07-03 23:03:56.919 JupyterHubSingleUser] Using default url from environment $JUPYTERHUB_DEFAULT_URL: /lab/tree/global/homes/c/chaseg
[I 2026-07-03 23:03:56.922 ServerApp] jupyterhub | extension was successfully linked.
[W 2026-07-03 23:03:56.928 LabApp] 'extra_template_paths' was found in both NotebookApp and ServerApp. This is likely a recent change. This config will only be set in NotebookApp. Please check if you should also config these traits in ServerApp for your purpose.
[I 2026-07-03 23:03:56.931 ServerApp] jupyterlab | extension was successfully linked.
[I 2026-07-03 23:03:56.931 ServerApp] jupyterlab_code_formatter | extension was successfully linked.
[I 2026-07-03 23:03:56.931 ServerApp] jupyterlab_git | extension was successfully linked.
[I 2026-07-03 23:03:56.931 ServerApp] jupyterlab_h5web | extension was successfully linked.
[I 2026-07-03 23:03:56.932 ServerApp] jupyterlab_jupytext | extension was successfully linked.
[I 2026-07-03 23:03:56.932 ServerApp] jupyterlab_nvdashboard | extension was successfully linked.
[I 2026-07-03 23:03:56.932 ServerApp] jupyterlab_wall | extension was successfully linked.
[W 2026-07-03 23:03:56.937 NotebookApp] 'extra_template_paths' was found in both NotebookApp and ServerApp. This is likely a recent change. This config will only be set in NotebookApp. Please check if you should also config these traits in ServerApp for your purpose.
[I 2026-07-03 23:03:56.939 ServerApp] nbclassic | extension was successfully linked.
[I 2026-07-03 23:03:56.939 ServerApp] nbdime | extension was successfully linked.
[W 2026-07-03 23:03:56.944 JupyterNotebookApp] 'extra_template_paths' was found in both NotebookApp and ServerApp. This is likely a recent change. This config will only be set in NotebookApp. Please check if you should also config these traits in ServerApp for your purpose.
[I 2026-07-03 23:03:56.946 ServerApp] notebook | extension was successfully linked.
[I 2026-07-03 23:03:56.948 ServerApp] Writing Jupyter server cookie secret to /tmp/jupyter-runtime-2f93f183-326b-4ec9-b6ad-65458d36cbbc/jupyter_cookie_secret
[I 2026-07-03 23:03:56.979 ServerApp] notebook_shim | extension was successfully linked.
[I 2026-07-03 23:03:57.061 ServerApp] notebook_shim | extension was successfully loaded.
[I 2026-07-03 23:03:57.062 ServerApp] dask_labextension | extension was successfully loaded.
[I 2026-07-03 23:03:57.064 ServerApp] jupyter_lsp | extension was successfully loaded.
[I 2026-07-03 23:03:57.065 ServerApp] jupyter_resource_usage | extension was successfully loaded.
[I 2026-07-03 23:03:57.066 ServerApp] jupyter_server_mathjax | extension was successfully loaded.
[I 2026-07-03 23:03:57.102 ServerApp] jupyter_server_proxy | extension was successfully loaded.
[I 2026-07-03 23:03:57.110 ServerApp] jupyter_server_terminals | extension was successfully loaded.
[I 2026-07-03 23:03:57.131 JupyterHubSingleUser] Updating Hub with activity every 300 seconds
[I 2026-07-03 23:03:57.131 ServerApp] jupyterhub | extension was successfully loaded.
[I 2026-07-03 23:03:57.307 ServerApp] Skipped non-installed server(s): bash-language-server, dockerfile-language-server-nodejs, javascript-typescript-langserver, jedi-language-server, julia-language-server, pyright, python-language-server, python-lsp-server, r-languageserver, sql-language-server, texlab, typescript-language-server, unified-language-server, vscode-css-languageserver-bin, vscode-html-languageserver-bin, vscode-json-languageserver-bin, yaml-language-server
[I 2026-07-03 23:03:57.454 LabApp] JupyterLab extension loaded from /global/common/software/nersc9/jupyter/ex/26-06/lib/python3.10/site-packages/jupyterlab
[I 2026-07-03 23:03:57.454 LabApp] JupyterLab application directory is /global/common/software/nersc9/jupyter/ex/26-06/share/jupyter/lab
[I 2026-07-03 23:03:57.456 LabApp] Extension Manager is 'pypi'.
[I 2026-07-03 23:03:57.474 ServerApp] jupyterlab | extension was successfully loaded.
[I 2026-07-03 23:03:57.474 ServerApp] Registered jupyterlab_code_formatter server extension
[I 2026-07-03 23:03:57.474 ServerApp] jupyterlab_code_formatter | extension was successfully loaded.
[I 2026-07-03 23:03:57.481 ServerApp] jupyterlab_git | extension was successfully loaded.
[I 2026-07-03 23:03:57.653 ServerApp] Jupyterlab-h5web extension will serve HDF5 files from /
[I 2026-07-03 23:03:57.654 ServerApp] jupyterlab_h5web | extension was successfully loaded.
[W 2026-07-03 23:03:57.654 ServerApp] [Jupytext Server Extension] Async contents managers like {base_class.__name__} are not supported at the moment (https://github.com/mwouts/jupytext/issues/1020). We will derive a contents manager from LargeFileManager instead.
[I 2026-07-03 23:03:57.654 ServerApp] [Jupytext Server Extension] Deriving a JupytextContentsManager from LargeFileManager
[I 2026-07-03 23:03:57.655 ServerApp] jupyterlab_jupytext | extension was successfully loaded.
[I 2026-07-03 23:03:57.656 ServerApp] Registered jupyterlab_nvdashboard server extension
[I 2026-07-03 23:03:57.657 ServerApp] jupyterlab_nvdashboard | extension was successfully loaded.
[I 2026-07-03 23:03:57.658 ServerApp] Registered jupyterlab_wall server extension
[I 2026-07-03 23:03:57.658 ServerApp] jupyterlab_wall | extension was successfully loaded.
[I 2026-07-03 23:03:57.689 ServerApp] nbclassic | extension was successfully loaded.
[I 2026-07-03 23:03:57.961 ServerApp] nbdime | extension was successfully loaded.
[I 2026-07-03 23:03:58.049 ServerApp] notebook | extension was successfully loaded.
[I 2026-07-03 23:03:58.049 ServerApp] Will shut down after 64800 seconds with no kernels.
[I 2026-07-03 23:03:58.050 ServerApp] Serving notebooks from local directory: /
[I 2026-07-03 23:03:58.050 ServerApp] Jupyter Server 2.14.2 is running at:
[I 2026-07-03 23:03:58.050 ServerApp] http://nid001004:36649/user/chaseg/perlmutter-exclusive-node-gpu/lab/tree/global/homes/c/chaseg?token=...
[I 2026-07-03 23:03:58.050 ServerApp]     http://127.0.0.1:36649/user/chaseg/perlmutter-exclusive-node-gpu/lab/tree/global/homes/c/chaseg?token=...
[I 2026-07-03 23:03:58.051 ServerApp] Use Control-C to stop this server and shut down all kernels (twice to skip confirmation).
[W 2026-07-03 23:04:21.307 LabApp] Could not determine jupyterlab build status without nodejs
[I 2026-07-03 23:04:21.420 ServerApp] Loaded Jupytext configuration file at /global/common/software/nersc9/jupyter/ex/26-06/etc/jupytext/jupytext.toml
[I 2026-07-03 23:04:22.942 ServerApp] New terminal with automatic name: 6
[I 2026-07-03 23:04:22.943 ServerApp] Culling terminals with inactivity > 64800 seconds at 300 second intervals ...
[I 2026-07-03 23:04:23.179 ServerApp] New terminal with automatic name: 2
[I 2026-07-03 23:05:33.362 ServerApp] Saving file at /global/homes/c/chaseg/desi-238/laps-238.py
[I 2026-07-03 23:05:34.634 ServerApp] Saving file at /global/homes/c/chaseg/desi-238/laps-238.py
[W 2026-07-03 23:05:45.491 ServerApp] wrote error: 'Unreadable Notebook: /global/homes/c/chaseg/desi-238/joons_mams.ipynb NotJSONError(\'Notebook does not appear to be JSON: \\\'{\\\\n "cells": [\\\\n  {\\\\n   "cell_type": "c...\')'
    Traceback (most recent call last):
      File "/global/common/software/nersc9/jupyter/ex/26-06/lib/python3.10/site-packages/jupyter_server/services/contents/handlers.py", line 155, in get
        self.contents_manager.get(
    TypeError: build_jupytext_contents_manager_class.<locals>.JupytextContentsManager.get() got an unexpected keyword argument 'require_hash'
    
    During handling of the above exception, another exception occurred:
    
    Traceback (most recent call last):
      File "/global/common/software/nersc9/jupyter/ex/26-06/lib/python3.10/site-packages/tornado/web.py", line 1790, in _execute
        result = await result
      File "/global/common/software/nersc9/jupyter/ex/26-06/lib/python3.10/site-packages/jupyter_server/auth/decorator.py", line 73, in inner
        return await out
      File "/global/common/software/nersc9/jupyter/ex/26-06/lib/python3.10/site-packages/jupyter_server/services/contents/handlers.py", line 168, in get
        self.contents_manager.get(
      File "/global/common/software/nersc9/jupyter/ex/26-06/lib/python3.10/site-packages/jupytext/contentsmanager.py", line 213, in get
        model = self.super.get(path, content, type="notebook", format=format)
      File "/global/common/software/nersc9/jupyter/ex/26-06/lib/python3.10/site-packages/jupyter_server/services/contents/filemanager.py", line 456, in get
        model = self._notebook_model(path, content=content, require_hash=require_hash)
      File "/global/common/software/nersc9/jupyter/ex/26-06/lib/python3.10/site-packages/jupyter_server/services/contents/filemanager.py", line 397, in _notebook_model
        nb, bytes_content = self._read_notebook(
      File "/global/common/software/nersc9/jupyter/ex/26-06/lib/python3.10/site-packages/jupyter_server/services/contents/fileio.py", line 312, in _read_notebook
        raise HTTPError(
    tornado.web.HTTPError: HTTP 400: Bad Request (Unreadable Notebook: /global/homes/c/chaseg/desi-238/joons_mams.ipynb NotJSONError('Notebook does not appear to be JSON: \'{\\n "cells": [\\n  {\\n   "cell_type": "c...'))
[W 2026-07-03 23:05:53.921 ServerApp] delete /global/homes/c/chaseg/desi-238/joons_mams.ipynb
[I 2026-07-03 23:06:28.178 ServerApp] Kernel started: f88184f3-315a-466c-9f39-7b4bf66363e7
[I 2026-07-03 23:06:28.178 ServerApp] Culling kernels with idle durations > 64800 seconds at 300 second intervals ...
[I 2026-07-03 23:06:37.402 ServerApp] Connecting to kernel f88184f3-315a-466c-9f39-7b4bf66363e7.
/global/common/software/nersc9/jupyter/ex/26-06/lib/python3.10/json/encoder.py:257: UserWarning: date_default is deprecated since jupyter_client 7.0.0. Use jupyter_client.jsonutil.json_default.
  return _iterencode(o, 0)
[I 2026-07-03 23:06:37.660 ServerApp] Starting buffering for f88184f3-315a-466c-9f39-7b4bf66363e7:ab3e2b28-0339-4ed8-85f1-f75f078bd679
[I 2026-07-03 23:06:37.761 ServerApp] Connecting to kernel f88184f3-315a-466c-9f39-7b4bf66363e7.
[I 2026-07-03 23:06:38.100 ServerApp] Connecting to kernel f88184f3-315a-466c-9f39-7b4bf66363e7.
[I 2026-07-03 23:06:50.996 ServerApp] Kernel started: c454f7f1-1699-4d48-8bdf-ceeef868fe5d
[I 2026-07-03 23:06:54.715 ServerApp] Connecting to kernel c454f7f1-1699-4d48-8bdf-ceeef868fe5d.
[W 2026-07-03 23:07:01.458 ServerApp] Notebook global/homes/c/chaseg/desi-238/joon_mams.ipynb is not trusted
[I 2026-07-03 23:07:03.104 ServerApp] Kernel started: da023631-e89d-41a7-aad9-f4b804299fc0
[I 2026-07-03 23:07:08.307 ServerApp] Connecting to kernel da023631-e89d-41a7-aad9-f4b804299fc0.
[I 2026-07-03 23:07:16.793 ServerApp] Starting buffering for f88184f3-315a-466c-9f39-7b4bf66363e7:bd5a72d4-877b-4677-b972-758d978eda58
[I 2026-07-03 23:07:16.795 ServerApp] Kernel shutdown: f88184f3-315a-466c-9f39-7b4bf66363e7
[I 2026-07-03 23:07:17.996 ServerApp] Starting buffering for c454f7f1-1699-4d48-8bdf-ceeef868fe5d:bfd6c138-79d3-44b7-bae9-0ac83e1dcb5e
[I 2026-07-03 23:07:18.028 ServerApp] Kernel shutdown: c454f7f1-1699-4d48-8bdf-ceeef868fe5d
[I 2026-07-03 23:07:34.531 ServerApp] Saving file at /global/homes/c/chaseg/desi-238/laps-238.py
[I 2026-07-03 23:07:37.874 ServerApp] Saving file at /global/homes/c/chaseg/desi-238/laps-238.py
[I 2026-07-03 23:07:45.050 ServerApp] Saving file at /global/homes/c/chaseg/desi-238/laps-238.py
[I 2026-07-03 23:07:47.054 ServerApp] Saving file at /global/homes/c/chaseg/desi-238/laps-238.py
[I 2026-07-03 23:07:50.257 ServerApp] Saving file at /global/homes/c/chaseg/desi-238/laps-238.py
[I 2026-07-03 23:07:56.520 ServerApp] Saving file at /global/homes/c/chaseg/desi-238/laps-238.py
[I 2026-07-03 23:08:02.959 ServerApp] Saving file at /global/homes/c/chaseg/desi-238/laps-238.py
[I 2026-07-03 23:08:04.870 ServerApp] Starting buffering for da023631-e89d-41a7-aad9-f4b804299fc0:71e8085d-4b7b-466c-b483-376b9db43b73
[I 2026-07-03 23:08:04.872 ServerApp] Kernel shutdown: da023631-e89d-41a7-aad9-f4b804299fc0
[2026-07-04T12:04:12.066] error: *** JOB 55465024 ON nid001004 CANCELLED AT 2026-07-04T12:04:12 DUE TO TIME LIMIT ***
