2026-04-14T16:05:46-07:00 LAUNCH
[I 2026-04-14 16:05:52.004 ServerApp] Extension package dask_labextension took 1.3814s to import
[W 2026-04-14 16:05:52.005 ServerApp] A `_jupyter_server_extension_points` function was not found in dask_labextension. Instead, a `_jupyter_server_extension_paths` function was found and will be used for now. This function name will be deprecated in future releases of Jupyter Server.
[I 2026-04-14 16:05:52.107 ServerApp] Extension package jupyter_lsp took 0.1017s to import
[I 2026-04-14 16:05:52.730 ServerApp] Extension package jupyterlab_git took 0.1028s to import
[I 2026-04-14 16:05:53.813 ServerApp] Extension package jupyterlab_h5web took 1.0823s to import
[I 2026-04-14 16:05:54.109 ServerApp] Extension package jupyterlab_jupytext took 0.2950s to import
[W 2026-04-14 16:05:54.228 ServerApp] A `_jupyter_server_extension_points` function was not found in nbclassic. Instead, a `_jupyter_server_extension_paths` function was found and will be used for now. This function name will be deprecated in future releases of Jupyter Server.
[I 2026-04-14 16:05:54.236 ServerApp] dask_labextension | extension was successfully linked.
[I 2026-04-14 16:05:54.237 ServerApp] jupyter_lsp | extension was successfully linked.
[I 2026-04-14 16:05:54.237 ServerApp] jupyter_resource_usage | extension was successfully linked.
[I 2026-04-14 16:05:54.245 ServerApp] jupyter_server_mathjax | extension was successfully linked.
[I 2026-04-14 16:05:54.245 ServerApp] jupyter_server_proxy | extension was successfully linked.
[I 2026-04-14 16:05:54.252 ServerApp] jupyter_server_terminals | extension was successfully linked.
[I 2026-04-14 16:05:54.252 JupyterHubSingleUser] Starting jupyterhub single-user server extension version 5.0.0
[I 2026-04-14 16:05:54.253 JupyterHubSingleUser] Using default url from environment $JUPYTERHUB_DEFAULT_URL: /lab/tree/global/homes/c/chaseg
[I 2026-04-14 16:05:54.256 ServerApp] jupyterhub | extension was successfully linked.
[W 2026-04-14 16:05:54.261 LabApp] 'extra_template_paths' was found in both NotebookApp and ServerApp. This is likely a recent change. This config will only be set in NotebookApp. Please check if you should also config these traits in ServerApp for your purpose.
[I 2026-04-14 16:05:54.264 ServerApp] jupyterlab | extension was successfully linked.
[I 2026-04-14 16:05:54.264 ServerApp] jupyterlab_code_formatter | extension was successfully linked.
[I 2026-04-14 16:05:54.264 ServerApp] jupyterlab_git | extension was successfully linked.
[I 2026-04-14 16:05:54.265 ServerApp] jupyterlab_h5web | extension was successfully linked.
[I 2026-04-14 16:05:54.265 ServerApp] jupyterlab_jupytext | extension was successfully linked.
[I 2026-04-14 16:05:54.265 ServerApp] jupyterlab_nvdashboard | extension was successfully linked.
[I 2026-04-14 16:05:54.265 ServerApp] jupyterlab_wall | extension was successfully linked.
[W 2026-04-14 16:05:54.270 NotebookApp] 'extra_template_paths' was found in both NotebookApp and ServerApp. This is likely a recent change. This config will only be set in NotebookApp. Please check if you should also config these traits in ServerApp for your purpose.
[I 2026-04-14 16:05:54.272 ServerApp] nbclassic | extension was successfully linked.
[I 2026-04-14 16:05:54.272 ServerApp] nbdime | extension was successfully linked.
[W 2026-04-14 16:05:54.277 JupyterNotebookApp] 'extra_template_paths' was found in both NotebookApp and ServerApp. This is likely a recent change. This config will only be set in NotebookApp. Please check if you should also config these traits in ServerApp for your purpose.
[I 2026-04-14 16:05:54.280 ServerApp] notebook | extension was successfully linked.
[I 2026-04-14 16:05:54.282 ServerApp] Writing Jupyter server cookie secret to /tmp/jupyter-runtime-7adf6191-a235-4a8a-9f77-410befa0dc60/jupyter_cookie_secret
[I 2026-04-14 16:05:54.310 ServerApp] notebook_shim | extension was successfully linked.
[I 2026-04-14 16:05:54.407 ServerApp] notebook_shim | extension was successfully loaded.
[I 2026-04-14 16:05:54.408 ServerApp] dask_labextension | extension was successfully loaded.
[I 2026-04-14 16:05:54.410 ServerApp] jupyter_lsp | extension was successfully loaded.
[I 2026-04-14 16:05:54.412 ServerApp] jupyter_resource_usage | extension was successfully loaded.
[I 2026-04-14 16:05:54.412 ServerApp] jupyter_server_mathjax | extension was successfully loaded.
[I 2026-04-14 16:05:54.454 ServerApp] jupyter_server_proxy | extension was successfully loaded.
[I 2026-04-14 16:05:54.457 ServerApp] jupyter_server_terminals | extension was successfully loaded.
[I 2026-04-14 16:05:54.476 JupyterHubSingleUser] Updating Hub with activity every 300 seconds
[I 2026-04-14 16:05:54.476 ServerApp] jupyterhub | extension was successfully loaded.
[I 2026-04-14 16:05:54.669 ServerApp] Skipped non-installed server(s): bash-language-server, dockerfile-language-server-nodejs, javascript-typescript-langserver, jedi-language-server, julia-language-server, pyright, python-language-server, python-lsp-server, r-languageserver, sql-language-server, texlab, typescript-language-server, unified-language-server, vscode-css-languageserver-bin, vscode-html-languageserver-bin, vscode-json-languageserver-bin, yaml-language-server
[I 2026-04-14 16:05:54.811 LabApp] JupyterLab extension loaded from /global/common/software/nersc9/jupyter/ex/26-03/lib/python3.10/site-packages/jupyterlab
[I 2026-04-14 16:05:54.811 LabApp] JupyterLab application directory is /global/common/software/nersc9/jupyter/ex/26-03/share/jupyter/lab
[I 2026-04-14 16:05:54.814 LabApp] Extension Manager is 'pypi'.
[I 2026-04-14 16:05:54.837 ServerApp] jupyterlab | extension was successfully loaded.
[I 2026-04-14 16:05:54.838 ServerApp] Registered jupyterlab_code_formatter server extension
[I 2026-04-14 16:05:54.838 ServerApp] jupyterlab_code_formatter | extension was successfully loaded.
[I 2026-04-14 16:05:54.844 ServerApp] jupyterlab_git | extension was successfully loaded.
[I 2026-04-14 16:05:55.077 ServerApp] Jupyterlab-h5web extension will serve HDF5 files from /
[I 2026-04-14 16:05:55.077 ServerApp] jupyterlab_h5web | extension was successfully loaded.
[W 2026-04-14 16:05:55.078 ServerApp] [Jupytext Server Extension] Async contents managers like {base_class.__name__} are not supported at the moment (https://github.com/mwouts/jupytext/issues/1020). We will derive a contents manager from LargeFileManager instead.
[I 2026-04-14 16:05:55.078 ServerApp] [Jupytext Server Extension] Deriving a JupytextContentsManager from LargeFileManager
[I 2026-04-14 16:05:55.079 ServerApp] jupyterlab_jupytext | extension was successfully loaded.
[I 2026-04-14 16:05:55.080 ServerApp] Registered jupyterlab_nvdashboard server extension
[I 2026-04-14 16:05:55.081 ServerApp] jupyterlab_nvdashboard | extension was successfully loaded.
[I 2026-04-14 16:05:55.082 ServerApp] Registered jupyterlab_wall server extension
[I 2026-04-14 16:05:55.082 ServerApp] jupyterlab_wall | extension was successfully loaded.
[I 2026-04-14 16:05:55.123 ServerApp] nbclassic | extension was successfully loaded.
[I 2026-04-14 16:05:55.375 ServerApp] nbdime | extension was successfully loaded.
[I 2026-04-14 16:05:55.467 ServerApp] notebook | extension was successfully loaded.
[I 2026-04-14 16:05:55.467 ServerApp] Will shut down after 64800 seconds with no kernels.
[I 2026-04-14 16:05:55.468 ServerApp] Serving notebooks from local directory: /
[I 2026-04-14 16:05:55.468 ServerApp] Jupyter Server 2.14.2 is running at:
[I 2026-04-14 16:05:55.468 ServerApp] http://nid001033:58261/user/chaseg/perlmutter-exclusive-node-gpu/lab/tree/global/homes/c/chaseg?token=...
[I 2026-04-14 16:05:55.468 ServerApp]     http://127.0.0.1:58261/user/chaseg/perlmutter-exclusive-node-gpu/lab/tree/global/homes/c/chaseg?token=...
[I 2026-04-14 16:05:55.469 ServerApp] Use Control-C to stop this server and shut down all kernels (twice to skip confirmation).
[W 2026-04-14 16:06:18.869 LabApp] Could not determine jupyterlab build status without nodejs
[I 2026-04-14 16:06:19.043 ServerApp] Loaded Jupytext configuration file at /global/common/software/nersc9/jupyter/ex/26-03/etc/jupytext/jupytext.toml
[I 2026-04-14 16:06:29.584 ServerApp] Kernel started: 27103d4f-0dda-4380-8614-6737079324b4
[I 2026-04-14 16:06:29.585 ServerApp] Culling kernels with idle durations > 64800 seconds at 300 second intervals ...
[I 2026-04-14 16:06:33.274 ServerApp] New terminal with automatic name: 1
[I 2026-04-14 16:06:33.275 ServerApp] Culling terminals with inactivity > 64800 seconds at 300 second intervals ...
[I 2026-04-14 16:06:54.636 ServerApp] Connecting to kernel 27103d4f-0dda-4380-8614-6737079324b4.
[I 2026-04-14 16:06:54.701 ServerApp] Connecting to kernel 27103d4f-0dda-4380-8614-6737079324b4.
[I 2026-04-14 16:06:54.750 ServerApp] Connecting to kernel 27103d4f-0dda-4380-8614-6737079324b4.
[I 2026-04-14 16:07:28.451 ServerApp] Creating new file in /global/homes/c/chaseg
[I 2026-04-14 16:07:46.857 ServerApp] New terminal with automatic name: 2
[I 2026-04-14 16:19:02.727 ServerApp] Kernel started: d63f5a2c-6413-420a-81e9-22a69a4c428b
[I 2026-04-14 16:19:08.745 ServerApp] Connecting to kernel d63f5a2c-6413-420a-81e9-22a69a4c428b.
/global/common/software/nersc9/jupyter/ex/26-03/lib/python3.10/json/encoder.py:257: UserWarning: date_default is deprecated since jupyter_client 7.0.0. Use jupyter_client.jsonutil.json_default.
  return _iterencode(o, 0)
[I 2026-04-14 16:19:08.854 ServerApp] Starting buffering for d63f5a2c-6413-420a-81e9-22a69a4c428b:dc9f3ebc-b010-4013-b1a3-0f7dbfe17bcf
[I 2026-04-14 16:19:08.880 ServerApp] Connecting to kernel d63f5a2c-6413-420a-81e9-22a69a4c428b.
[I 2026-04-14 16:19:09.040 ServerApp] Connecting to kernel d63f5a2c-6413-420a-81e9-22a69a4c428b.
[I 2026-04-14 16:19:11.274 ServerApp] Kernel started: 535594af-82b3-415e-8682-4088a3ac3f4a
[I 2026-04-14 16:19:13.690 ServerApp] Connecting to kernel 535594af-82b3-415e-8682-4088a3ac3f4a.
[I 2026-04-14 16:19:15.630 ServerApp] Kernel started: 5aaa3aeb-51ec-4db5-af53-d3bfe819d220
[I 2026-04-14 16:19:18.036 ServerApp] Connecting to kernel 5aaa3aeb-51ec-4db5-af53-d3bfe819d220.
[W 2026-04-14 16:19:24.821 ServerApp] delete /global/homes/c/chaseg/desi-165/spectro
[W 2026-04-14 16:19:24.825 ServerApp] wrote error: 'Directory /global/homes/c/chaseg/desi-165/spectro not empty'
    Traceback (most recent call last):
      File "/global/common/software/nersc9/jupyter/ex/26-03/lib/python3.10/site-packages/tornado/web.py", line 1790, in _execute
        result = await result
      File "/global/common/software/nersc9/jupyter/ex/26-03/lib/python3.10/site-packages/jupyter_server/auth/decorator.py", line 73, in inner
        return await out
      File "/global/common/software/nersc9/jupyter/ex/26-03/lib/python3.10/site-packages/jupyter_server/services/contents/handlers.py", line 335, in delete
        await ensure_async(cm.delete(path))
      File "/global/common/software/nersc9/jupyter/ex/26-03/lib/python3.10/site-packages/jupyter_server/services/contents/manager.py", line 489, in delete
        self.delete_file(path)
      File "/global/common/software/nersc9/jupyter/ex/26-03/lib/python3.10/site-packages/jupyter_server/services/contents/filemanager.py", line 571, in delete_file
        raise web.HTTPError(400, "Directory %s not empty" % os_path)
    tornado.web.HTTPError: HTTP 400: Bad Request (Directory /global/homes/c/chaseg/desi-165/spectro not empty)
[I 2026-04-14 16:20:00.992 ServerApp] Starting buffering for d63f5a2c-6413-420a-81e9-22a69a4c428b:b2fb90a5-5122-46c3-b253-4cdfb1213e31
[I 2026-04-14 16:20:00.994 ServerApp] Kernel shutdown: d63f5a2c-6413-420a-81e9-22a69a4c428b
[I 2026-04-14 16:20:02.644 ServerApp] Starting buffering for 535594af-82b3-415e-8682-4088a3ac3f4a:97c7d1fe-13de-461b-8a51-ee5b191220b5
[I 2026-04-14 16:20:02.646 ServerApp] Kernel shutdown: 535594af-82b3-415e-8682-4088a3ac3f4a
[I 2026-04-14 16:20:05.572 ServerApp] Starting buffering for 5aaa3aeb-51ec-4db5-af53-d3bfe819d220:7b241fcf-de41-4806-a4df-ea4c07e74607
[I 2026-04-14 16:20:05.575 ServerApp] Kernel shutdown: 5aaa3aeb-51ec-4db5-af53-d3bfe819d220
