2026-04-10T15:04:43-07:00 LAUNCH
[I 2026-04-10 15:04:49.697 ServerApp] Extension package dask_labextension took 1.3387s to import
[W 2026-04-10 15:04:49.698 ServerApp] A `_jupyter_server_extension_points` function was not found in dask_labextension. Instead, a `_jupyter_server_extension_paths` function was found and will be used for now. This function name will be deprecated in future releases of Jupyter Server.
[I 2026-04-10 15:04:49.809 ServerApp] Extension package jupyter_lsp took 0.1036s to import
[I 2026-04-10 15:04:50.450 ServerApp] Extension package jupyterlab_git took 0.1048s to import
[I 2026-04-10 15:04:51.716 ServerApp] Extension package jupyterlab_h5web took 1.2657s to import
[I 2026-04-10 15:04:52.049 ServerApp] Extension package jupyterlab_jupytext took 0.3327s to import
[W 2026-04-10 15:04:52.182 ServerApp] A `_jupyter_server_extension_points` function was not found in nbclassic. Instead, a `_jupyter_server_extension_paths` function was found and will be used for now. This function name will be deprecated in future releases of Jupyter Server.
[I 2026-04-10 15:04:52.191 ServerApp] dask_labextension | extension was successfully linked.
[I 2026-04-10 15:04:52.192 ServerApp] jupyter_lsp | extension was successfully linked.
[I 2026-04-10 15:04:52.192 ServerApp] jupyter_resource_usage | extension was successfully linked.
[I 2026-04-10 15:04:52.201 ServerApp] jupyter_server_mathjax | extension was successfully linked.
[I 2026-04-10 15:04:52.201 ServerApp] jupyter_server_proxy | extension was successfully linked.
[I 2026-04-10 15:04:52.208 ServerApp] jupyter_server_terminals | extension was successfully linked.
[I 2026-04-10 15:04:52.209 JupyterHubSingleUser] Starting jupyterhub single-user server extension version 5.0.0
[I 2026-04-10 15:04:52.209 JupyterHubSingleUser] Using default url from environment $JUPYTERHUB_DEFAULT_URL: /lab/tree/global/homes/c/chaseg
[I 2026-04-10 15:04:52.212 ServerApp] jupyterhub | extension was successfully linked.
[W 2026-04-10 15:04:52.218 LabApp] 'extra_template_paths' was found in both NotebookApp and ServerApp. This is likely a recent change. This config will only be set in NotebookApp. Please check if you should also config these traits in ServerApp for your purpose.
[I 2026-04-10 15:04:52.221 ServerApp] jupyterlab | extension was successfully linked.
[I 2026-04-10 15:04:52.221 ServerApp] jupyterlab_code_formatter | extension was successfully linked.
[I 2026-04-10 15:04:52.221 ServerApp] jupyterlab_git | extension was successfully linked.
[I 2026-04-10 15:04:52.221 ServerApp] jupyterlab_h5web | extension was successfully linked.
[I 2026-04-10 15:04:52.222 ServerApp] jupyterlab_jupytext | extension was successfully linked.
[I 2026-04-10 15:04:52.222 ServerApp] jupyterlab_nvdashboard | extension was successfully linked.
[I 2026-04-10 15:04:52.222 ServerApp] jupyterlab_wall | extension was successfully linked.
[W 2026-04-10 15:04:52.227 NotebookApp] 'extra_template_paths' was found in both NotebookApp and ServerApp. This is likely a recent change. This config will only be set in NotebookApp. Please check if you should also config these traits in ServerApp for your purpose.
[I 2026-04-10 15:04:52.229 ServerApp] nbclassic | extension was successfully linked.
[I 2026-04-10 15:04:52.229 ServerApp] nbdime | extension was successfully linked.
[W 2026-04-10 15:04:52.234 JupyterNotebookApp] 'extra_template_paths' was found in both NotebookApp and ServerApp. This is likely a recent change. This config will only be set in NotebookApp. Please check if you should also config these traits in ServerApp for your purpose.
[I 2026-04-10 15:04:52.236 ServerApp] notebook | extension was successfully linked.
[I 2026-04-10 15:04:52.238 ServerApp] Writing Jupyter server cookie secret to /tmp/jupyter-runtime-dc727b65-39d1-4012-9e86-922678d6673d/jupyter_cookie_secret
[I 2026-04-10 15:04:52.267 ServerApp] notebook_shim | extension was successfully linked.
[I 2026-04-10 15:04:52.374 ServerApp] notebook_shim | extension was successfully loaded.
[I 2026-04-10 15:04:52.375 ServerApp] dask_labextension | extension was successfully loaded.
[I 2026-04-10 15:04:52.377 ServerApp] jupyter_lsp | extension was successfully loaded.
[I 2026-04-10 15:04:52.378 ServerApp] jupyter_resource_usage | extension was successfully loaded.
[I 2026-04-10 15:04:52.379 ServerApp] jupyter_server_mathjax | extension was successfully loaded.
[I 2026-04-10 15:04:52.431 ServerApp] jupyter_server_proxy | extension was successfully loaded.
[I 2026-04-10 15:04:52.434 ServerApp] jupyter_server_terminals | extension was successfully loaded.
[I 2026-04-10 15:04:52.449 JupyterHubSingleUser] Updating Hub with activity every 300 seconds
[I 2026-04-10 15:04:52.449 ServerApp] jupyterhub | extension was successfully loaded.
[I 2026-04-10 15:04:52.677 ServerApp] Skipped non-installed server(s): bash-language-server, dockerfile-language-server-nodejs, javascript-typescript-langserver, jedi-language-server, julia-language-server, pyright, python-language-server, python-lsp-server, r-languageserver, sql-language-server, texlab, typescript-language-server, unified-language-server, vscode-css-languageserver-bin, vscode-html-languageserver-bin, vscode-json-languageserver-bin, yaml-language-server
[I 2026-04-10 15:04:52.797 LabApp] JupyterLab extension loaded from /global/common/software/nersc9/jupyter/ex/26-03/lib/python3.10/site-packages/jupyterlab
[I 2026-04-10 15:04:52.797 LabApp] JupyterLab application directory is /global/common/software/nersc9/jupyter/ex/26-03/share/jupyter/lab
[I 2026-04-10 15:04:52.799 LabApp] Extension Manager is 'pypi'.
[I 2026-04-10 15:04:52.821 ServerApp] jupyterlab | extension was successfully loaded.
[I 2026-04-10 15:04:52.821 ServerApp] Registered jupyterlab_code_formatter server extension
[I 2026-04-10 15:04:52.822 ServerApp] jupyterlab_code_formatter | extension was successfully loaded.
[I 2026-04-10 15:04:52.828 ServerApp] jupyterlab_git | extension was successfully loaded.
[I 2026-04-10 15:04:53.031 ServerApp] Jupyterlab-h5web extension will serve HDF5 files from /
[I 2026-04-10 15:04:53.032 ServerApp] jupyterlab_h5web | extension was successfully loaded.
[W 2026-04-10 15:04:53.032 ServerApp] [Jupytext Server Extension] Async contents managers like {base_class.__name__} are not supported at the moment (https://github.com/mwouts/jupytext/issues/1020). We will derive a contents manager from LargeFileManager instead.
[I 2026-04-10 15:04:53.032 ServerApp] [Jupytext Server Extension] Deriving a JupytextContentsManager from LargeFileManager
[I 2026-04-10 15:04:53.034 ServerApp] jupyterlab_jupytext | extension was successfully loaded.
[I 2026-04-10 15:04:53.035 ServerApp] Registered jupyterlab_nvdashboard server extension
[I 2026-04-10 15:04:53.035 ServerApp] jupyterlab_nvdashboard | extension was successfully loaded.
[I 2026-04-10 15:04:53.036 ServerApp] Registered jupyterlab_wall server extension
[I 2026-04-10 15:04:53.036 ServerApp] jupyterlab_wall | extension was successfully loaded.
[I 2026-04-10 15:04:53.070 ServerApp] nbclassic | extension was successfully loaded.
[I 2026-04-10 15:04:53.354 ServerApp] nbdime | extension was successfully loaded.
[I 2026-04-10 15:04:53.468 ServerApp] notebook | extension was successfully loaded.
[I 2026-04-10 15:04:53.469 ServerApp] Will shut down after 64800 seconds with no kernels.
[I 2026-04-10 15:04:53.470 ServerApp] Serving notebooks from local directory: /
[I 2026-04-10 15:04:53.470 ServerApp] Jupyter Server 2.14.2 is running at:
[I 2026-04-10 15:04:53.470 ServerApp] http://nid001220:60477/user/chaseg/perlmutter-exclusive-node-gpu/lab/tree/global/homes/c/chaseg?token=...
[I 2026-04-10 15:04:53.470 ServerApp]     http://127.0.0.1:60477/user/chaseg/perlmutter-exclusive-node-gpu/lab/tree/global/homes/c/chaseg?token=...
[I 2026-04-10 15:04:53.470 ServerApp] Use Control-C to stop this server and shut down all kernels (twice to skip confirmation).
[W 2026-04-10 15:05:12.804 LabApp] Could not determine jupyterlab build status without nodejs
[I 2026-04-10 15:05:12.911 ServerApp] Loaded Jupytext configuration file at /global/common/software/nersc9/jupyter/ex/26-03/etc/jupytext/jupytext.toml
Task exception was never retrieved
future: <Task finished name='Task-574' coro=<WebSocketProtocol13.write_message.<locals>.wrapper() done, defined at /global/common/software/nersc9/jupyter/ex/26-03/lib/python3.10/site-packages/tornado/websocket.py:1086> exception=WebSocketClosedError()>
Traceback (most recent call last):
  File "/global/common/software/nersc9/jupyter/ex/26-03/lib/python3.10/site-packages/tornado/websocket.py", line 1088, in wrapper
    await fut
tornado.iostream.StreamClosedError: Stream is closed

During handling of the above exception, another exception occurred:

Traceback (most recent call last):
  File "/global/common/software/nersc9/jupyter/ex/26-03/lib/python3.10/site-packages/tornado/websocket.py", line 1090, in wrapper
    raise WebSocketClosedError()
tornado.websocket.WebSocketClosedError
[E 2026-04-10 15:05:15.869 ServerApp] 
[E 2026-04-10 15:05:15.869 ServerApp] 
[E 2026-04-10 15:05:15.869 ServerApp] 
[E 2026-04-10 15:05:15.870 ServerApp] 
[E 2026-04-10 15:05:15.870 ServerApp] 
[E 2026-04-10 15:05:15.870 ServerApp] 
[E 2026-04-10 15:05:15.870 ServerApp] 
[E 2026-04-10 15:05:15.870 ServerApp] 
[E 2026-04-10 15:05:15.871 ServerApp] 
[E 2026-04-10 15:05:15.871 ServerApp] 
[E 2026-04-10 15:05:15.871 ServerApp] 
[E 2026-04-10 15:05:15.871 ServerApp] 
[E 2026-04-10 15:05:15.871 ServerApp] 
[E 2026-04-10 15:05:15.871 ServerApp] 
[E 2026-04-10 15:05:15.872 ServerApp] 
[E 2026-04-10 15:05:15.872 ServerApp] 
[E 2026-04-10 15:05:15.872 ServerApp] 
[E 2026-04-10 15:05:15.872 ServerApp] 
[E 2026-04-10 15:05:15.872 ServerApp] 
[E 2026-04-10 15:05:15.872 ServerApp] 
[E 2026-04-10 15:05:15.873 ServerApp] 
[E 2026-04-10 15:05:15.873 ServerApp] 
[E 2026-04-10 15:05:15.873 ServerApp] 
[E 2026-04-10 15:05:15.873 ServerApp] 
[E 2026-04-10 15:05:15.873 ServerApp] 
[E 2026-04-10 15:05:15.873 ServerApp] 
[E 2026-04-10 15:05:15.874 ServerApp] 
[E 2026-04-10 15:05:15.874 ServerApp] 
[E 2026-04-10 15:05:15.874 ServerApp] 
[E 2026-04-10 15:05:15.874 ServerApp] 
[E 2026-04-10 15:05:15.874 ServerApp] 
[E 2026-04-10 15:05:15.874 ServerApp] 
[E 2026-04-10 15:05:15.875 ServerApp] 
[E 2026-04-10 15:05:15.875 ServerApp] 
[E 2026-04-10 15:05:15.875 ServerApp] 
[E 2026-04-10 15:05:15.875 ServerApp] 
[I 2026-04-10 15:05:24.424 ServerApp] Kernel started: 3302de16-17df-4691-a010-de3f63abe636
[I 2026-04-10 15:05:24.425 ServerApp] Culling kernels with idle durations > 64800 seconds at 300 second intervals ...
[I 2026-04-10 15:05:30.585 ServerApp] Kernel restarted: 3302de16-17df-4691-a010-de3f63abe636
2026-04-10 15:05:36,864 - ServerApp - ERROR - Uncaught exception GET /user/chaseg/perlmutter-exclusive-node-gpu/api/kernels/3302de16-17df-4691-a010-de3f63abe636/channels?session_id=d0c8619a-ab24-45ce-861c-e5346acd370e (10.42.4.49)
HTTPServerRequest(protocol='https', host='jupyter.nersc.gov', method='GET', uri='/user/chaseg/perlmutter-exclusive-node-gpu/api/kernels/3302de16-17df-4691-a010-de3f63abe636/channels?session_id=d0c8619a-ab24-45ce-861c-e5346acd370e', version='HTTP/1.1', remote_ip='10.42.4.49')
Traceback (most recent call last):
  File "/global/common/software/nersc9/jupyter/ex/26-03/lib/python3.10/site-packages/tornado/web.py", line 1790, in _execute
    result = await result
  File "/global/common/software/nersc9/jupyter/ex/26-03/lib/python3.10/site-packages/jupyter_server/services/kernels/websocket.py", line 66, in get
    await super().get(kernel_id=kernel_id)
  File "/global/common/software/nersc9/jupyter/ex/26-03/lib/python3.10/site-packages/tornado/websocket.py", line 273, in get
    await self.ws_connection.accept_connection(self)
  File "/global/common/software/nersc9/jupyter/ex/26-03/lib/python3.10/site-packages/tornado/websocket.py", line 863, in accept_connection
    await self._accept_connection(handler)
  File "/global/common/software/nersc9/jupyter/ex/26-03/lib/python3.10/site-packages/tornado/websocket.py", line 903, in _accept_connection
    self.selected_subprotocol = handler.select_subprotocol(subprotocols)
  File "/global/common/software/nersc9/jupyter/ex/26-03/lib/python3.10/site-packages/jupyter_server/services/kernels/websocket.py", line 88, in select_subprotocol
    preferred_protocol = self.connection.kernel_ws_protocol
AttributeError: 'NoneType' object has no attribute 'kernel_ws_protocol'
[I 2026-04-10 15:05:36.910 ServerApp] Connecting to kernel 3302de16-17df-4691-a010-de3f63abe636.
/global/common/software/nersc9/jupyter/ex/26-03/lib/python3.10/json/encoder.py:257: UserWarning: date_default is deprecated since jupyter_client 7.0.0. Use jupyter_client.jsonutil.json_default.
  return _iterencode(o, 0)
[I 2026-04-10 15:05:41.418 ServerApp] Kernel restarted: 3302de16-17df-4691-a010-de3f63abe636
[I 2026-04-10 15:05:41.470 ServerApp] Connecting to kernel 3302de16-17df-4691-a010-de3f63abe636.
[W 2026-04-10 15:05:45.980 ServerApp] Nudge: attempt 10 on kernel 3302de16-17df-4691-a010-de3f63abe636
[I 2026-04-10 15:05:53.946 ServerApp] Saving file at /global/homes/c/chaseg/desi-238/desi238-nuts.ipynb
[I 2026-04-10 15:05:53.970 ServerApp] Saving desi238-nuts.ipynb
2026-04-10 15:05:54.522791: E external/local_xla/xla/stream_executor/cuda/cuda_fft.cc:467] Unable to register cuFFT factory: Attempting to register factory for plugin cuFFT when one has already been registered
WARNING: All log messages before absl::InitializeLog() is called are written to STDERR
E0000 00:00:1775858754.689450  543741 cuda_dnn.cc:8579] Unable to register cuDNN factory: Attempting to register factory for plugin cuDNN when one has already been registered
E0000 00:00:1775858754.741389  543741 cuda_blas.cc:1407] Unable to register cuBLAS factory: Attempting to register factory for plugin cuBLAS when one has already been registered
W0000 00:00:1775858755.043674  543741 computation_placer.cc:177] computation placer already registered. Please check linkage and avoid linking the same target more than once.
W0000 00:00:1775858755.043705  543741 computation_placer.cc:177] computation placer already registered. Please check linkage and avoid linking the same target more than once.
W0000 00:00:1775858755.043709  543741 computation_placer.cc:177] computation placer already registered. Please check linkage and avoid linking the same target more than once.
W0000 00:00:1775858755.043711  543741 computation_placer.cc:177] computation placer already registered. Please check linkage and avoid linking the same target more than once.
2026-04-10 15:07:33.291251: E external/xla/xla/service/slow_operation_alarm.cc:73] Trying algorithm eng35{k2=1,k5=3,k14=2} for conv %cudnn-conv = (f32[125,1,200,200]{3,2,1,0}, u8[0]{0}) custom-call(%bitcast.61, %constant.10788), window={size=53x53 pad=26_26x26_26}, dim_labels=bf01_oi01->bf01, custom_call_target="__cudnn$convForward", metadata={op_name="jit(run_map)/jit(main)/jit(shmap_body)/while/body/jit(loss)/jvp(jit(log_prob))/jit(simulate)/conv_general_dilated" source_file="/tmp/ipykernel_543741/1288025284.py" source_line=127}, backend_config={"operation_queue_id":"0","wait_on_operation_queues":[],"cudnn_conv_backend_config":{"conv_result_scale":1,"activation_mode":"kNone","side_input_scale":0,"leakyrelu_alpha":0},"force_earliest_schedule":false,"reification_cost":[]} is taking a while...
2026-04-10 15:07:34.520222: E external/xla/xla/service/slow_operation_alarm.cc:140] The operation took 2.229046646s
Trying algorithm eng35{k2=1,k5=3,k14=2} for conv %cudnn-conv = (f32[125,1,200,200]{3,2,1,0}, u8[0]{0}) custom-call(%bitcast.61, %constant.10788), window={size=53x53 pad=26_26x26_26}, dim_labels=bf01_oi01->bf01, custom_call_target="__cudnn$convForward", metadata={op_name="jit(run_map)/jit(main)/jit(shmap_body)/while/body/jit(loss)/jvp(jit(log_prob))/jit(simulate)/conv_general_dilated" source_file="/tmp/ipykernel_543741/1288025284.py" source_line=127}, backend_config={"operation_queue_id":"0","wait_on_operation_queues":[],"cudnn_conv_backend_config":{"conv_result_scale":1,"activation_mode":"kNone","side_input_scale":0,"leakyrelu_alpha":0},"force_earliest_schedule":false,"reification_cost":[]} is taking a while...
2026-04-10 15:07:35.520438: E external/xla/xla/service/slow_operation_alarm.cc:73] Trying algorithm eng36{k2=5,k13=1,k14=3,k18=1,k23=0} for conv %cudnn-conv = (f32[125,1,200,200]{3,2,1,0}, u8[0]{0}) custom-call(%bitcast.61, %constant.10788), window={size=53x53 pad=26_26x26_26}, dim_labels=bf01_oi01->bf01, custom_call_target="__cudnn$convForward", metadata={op_name="jit(run_map)/jit(main)/jit(shmap_body)/while/body/jit(loss)/jvp(jit(log_prob))/jit(simulate)/conv_general_dilated" source_file="/tmp/ipykernel_543741/1288025284.py" source_line=127}, backend_config={"operation_queue_id":"0","wait_on_operation_queues":[],"cudnn_conv_backend_config":{"conv_result_scale":1,"activation_mode":"kNone","side_input_scale":0,"leakyrelu_alpha":0},"force_earliest_schedule":false,"reification_cost":[]} is taking a while...
2026-04-10 15:07:38.846945: E external/xla/xla/service/slow_operation_alarm.cc:140] The operation took 4.32661531s
Trying algorithm eng36{k2=5,k13=1,k14=3,k18=1,k23=0} for conv %cudnn-conv = (f32[125,1,200,200]{3,2,1,0}, u8[0]{0}) custom-call(%bitcast.61, %constant.10788), window={size=53x53 pad=26_26x26_26}, dim_labels=bf01_oi01->bf01, custom_call_target="__cudnn$convForward", metadata={op_name="jit(run_map)/jit(main)/jit(shmap_body)/while/body/jit(loss)/jvp(jit(log_prob))/jit(simulate)/conv_general_dilated" source_file="/tmp/ipykernel_543741/1288025284.py" source_line=127}, backend_config={"operation_queue_id":"0","wait_on_operation_queues":[],"cudnn_conv_backend_config":{"conv_result_scale":1,"activation_mode":"kNone","side_input_scale":0,"leakyrelu_alpha":0},"force_earliest_schedule":false,"reification_cost":[]} is taking a while...
2026-04-10 15:07:39.918894: E external/xla/xla/service/slow_operation_alarm.cc:73] Trying algorithm eng35{k2=1,k5=2,k14=5} for conv %cudnn-conv = (f32[125,1,200,200]{3,2,1,0}, u8[0]{0}) custom-call(%bitcast.61, %constant.10788), window={size=53x53 pad=26_26x26_26}, dim_labels=bf01_oi01->bf01, custom_call_target="__cudnn$convForward", metadata={op_name="jit(run_map)/jit(main)/jit(shmap_body)/while/body/jit(loss)/jvp(jit(log_prob))/jit(simulate)/conv_general_dilated" source_file="/tmp/ipykernel_543741/1288025284.py" source_line=127}, backend_config={"operation_queue_id":"0","wait_on_operation_queues":[],"cudnn_conv_backend_config":{"conv_result_scale":1,"activation_mode":"kNone","side_input_scale":0,"leakyrelu_alpha":0},"force_earliest_schedule":false,"reification_cost":[]} is taking a while...
2026-04-10 15:07:40.007769: E external/xla/xla/service/slow_operation_alarm.cc:140] The operation took 1.088937155s
Trying algorithm eng35{k2=1,k5=2,k14=5} for conv %cudnn-conv = (f32[125,1,200,200]{3,2,1,0}, u8[0]{0}) custom-call(%bitcast.61, %constant.10788), window={size=53x53 pad=26_26x26_26}, dim_labels=bf01_oi01->bf01, custom_call_target="__cudnn$convForward", metadata={op_name="jit(run_map)/jit(main)/jit(shmap_body)/while/body/jit(loss)/jvp(jit(log_prob))/jit(simulate)/conv_general_dilated" source_file="/tmp/ipykernel_543741/1288025284.py" source_line=127}, backend_config={"operation_queue_id":"0","wait_on_operation_queues":[],"cudnn_conv_backend_config":{"conv_result_scale":1,"activation_mode":"kNone","side_input_scale":0,"leakyrelu_alpha":0},"force_earliest_schedule":false,"reification_cost":[]} is taking a while...
2026-04-10 15:07:41.007891: E external/xla/xla/service/slow_operation_alarm.cc:73] Trying algorithm eng38{k2=4,k13=0,k14=2,k18=1,k22=2,k23=0} for conv %cudnn-conv = (f32[125,1,200,200]{3,2,1,0}, u8[0]{0}) custom-call(%bitcast.61, %constant.10788), window={size=53x53 pad=26_26x26_26}, dim_labels=bf01_oi01->bf01, custom_call_target="__cudnn$convForward", metadata={op_name="jit(run_map)/jit(main)/jit(shmap_body)/while/body/jit(loss)/jvp(jit(log_prob))/jit(simulate)/conv_general_dilated" source_file="/tmp/ipykernel_543741/1288025284.py" source_line=127}, backend_config={"operation_queue_id":"0","wait_on_operation_queues":[],"cudnn_conv_backend_config":{"conv_result_scale":1,"activation_mode":"kNone","side_input_scale":0,"leakyrelu_alpha":0},"force_earliest_schedule":false,"reification_cost":[]} is taking a while...
2026-04-10 15:07:41.543674: E external/xla/xla/service/slow_operation_alarm.cc:140] The operation took 1.535846167s
Trying algorithm eng38{k2=4,k13=0,k14=2,k18=1,k22=2,k23=0} for conv %cudnn-conv = (f32[125,1,200,200]{3,2,1,0}, u8[0]{0}) custom-call(%bitcast.61, %constant.10788), window={size=53x53 pad=26_26x26_26}, dim_labels=bf01_oi01->bf01, custom_call_target="__cudnn$convForward", metadata={op_name="jit(run_map)/jit(main)/jit(shmap_body)/while/body/jit(loss)/jvp(jit(log_prob))/jit(simulate)/conv_general_dilated" source_file="/tmp/ipykernel_543741/1288025284.py" source_line=127}, backend_config={"operation_queue_id":"0","wait_on_operation_queues":[],"cudnn_conv_backend_config":{"conv_result_scale":1,"activation_mode":"kNone","side_input_scale":0,"leakyrelu_alpha":0},"force_earliest_schedule":false,"reification_cost":[]} is taking a while...
[I 2026-04-10 15:07:54.590 ServerApp] Saving file at /global/homes/c/chaseg/desi-238/desi238-nuts.ipynb
[I 2026-04-10 15:07:54.613 ServerApp] Saving desi238-nuts.ipynb
2026-04-10 15:08:59.256632: E external/xla/xla/service/slow_operation_alarm.cc:73] Trying algorithm eng1{k2=4,k3=0} for conv %cudnn-conv = (f32[500,1,200,200]{3,2,1,0}, u8[0]{0}) custom-call(%bitcast.96, %constant.7836), window={size=53x53 pad=26_26x26_26}, dim_labels=bf01_oi01->bf01, custom_call_target="__cudnn$convForward", metadata={op_name="jit(log_prob)/jit(main)/jit(simulate)/conv_general_dilated" source_file="/tmp/ipykernel_543741/2104219631.py" source_line=1}, backend_config={"operation_queue_id":"0","wait_on_operation_queues":[],"cudnn_conv_backend_config":{"conv_result_scale":1,"activation_mode":"kNone","side_input_scale":0,"leakyrelu_alpha":0},"force_earliest_schedule":false,"reification_cost":[]} is taking a while...
2026-04-10 15:08:59.898208: E external/xla/xla/service/slow_operation_alarm.cc:140] The operation took 1.641646328s
Trying algorithm eng1{k2=4,k3=0} for conv %cudnn-conv = (f32[500,1,200,200]{3,2,1,0}, u8[0]{0}) custom-call(%bitcast.96, %constant.7836), window={size=53x53 pad=26_26x26_26}, dim_labels=bf01_oi01->bf01, custom_call_target="__cudnn$convForward", metadata={op_name="jit(log_prob)/jit(main)/jit(simulate)/conv_general_dilated" source_file="/tmp/ipykernel_543741/2104219631.py" source_line=1}, backend_config={"operation_queue_id":"0","wait_on_operation_queues":[],"cudnn_conv_backend_config":{"conv_result_scale":1,"activation_mode":"kNone","side_input_scale":0,"leakyrelu_alpha":0},"force_earliest_schedule":false,"reification_cost":[]} is taking a while...
2026-04-10 15:09:00.898348: E external/xla/xla/service/slow_operation_alarm.cc:73] Trying algorithm eng35{k2=1,k5=3,k14=2} for conv %cudnn-conv = (f32[500,1,200,200]{3,2,1,0}, u8[0]{0}) custom-call(%bitcast.96, %constant.7836), window={size=53x53 pad=26_26x26_26}, dim_labels=bf01_oi01->bf01, custom_call_target="__cudnn$convForward", metadata={op_name="jit(log_prob)/jit(main)/jit(simulate)/conv_general_dilated" source_file="/tmp/ipykernel_543741/2104219631.py" source_line=1}, backend_config={"operation_queue_id":"0","wait_on_operation_queues":[],"cudnn_conv_backend_config":{"conv_result_scale":1,"activation_mode":"kNone","side_input_scale":0,"leakyrelu_alpha":0},"force_earliest_schedule":false,"reification_cost":[]} is taking a while...
2026-04-10 15:09:08.595011: E external/xla/xla/service/slow_operation_alarm.cc:140] The operation took 8.696746997s
Trying algorithm eng35{k2=1,k5=3,k14=2} for conv %cudnn-conv = (f32[500,1,200,200]{3,2,1,0}, u8[0]{0}) custom-call(%bitcast.96, %constant.7836), window={size=53x53 pad=26_26x26_26}, dim_labels=bf01_oi01->bf01, custom_call_target="__cudnn$convForward", metadata={op_name="jit(log_prob)/jit(main)/jit(simulate)/conv_general_dilated" source_file="/tmp/ipykernel_543741/2104219631.py" source_line=1}, backend_config={"operation_queue_id":"0","wait_on_operation_queues":[],"cudnn_conv_backend_config":{"conv_result_scale":1,"activation_mode":"kNone","side_input_scale":0,"leakyrelu_alpha":0},"force_earliest_schedule":false,"reification_cost":[]} is taking a while...
2026-04-10 15:09:09.595196: E external/xla/xla/service/slow_operation_alarm.cc:73] Trying algorithm eng36{k2=5,k13=1,k14=3,k18=1,k23=0} for conv %cudnn-conv = (f32[500,1,200,200]{3,2,1,0}, u8[0]{0}) custom-call(%bitcast.96, %constant.7836), window={size=53x53 pad=26_26x26_26}, dim_labels=bf01_oi01->bf01, custom_call_target="__cudnn$convForward", metadata={op_name="jit(log_prob)/jit(main)/jit(simulate)/conv_general_dilated" source_file="/tmp/ipykernel_543741/2104219631.py" source_line=1}, backend_config={"operation_queue_id":"0","wait_on_operation_queues":[],"cudnn_conv_backend_config":{"conv_result_scale":1,"activation_mode":"kNone","side_input_scale":0,"leakyrelu_alpha":0},"force_earliest_schedule":false,"reification_cost":[]} is taking a while...
2026-04-10 15:09:25.856456: E external/xla/xla/service/slow_operation_alarm.cc:140] The operation took 17.261328998s
Trying algorithm eng36{k2=5,k13=1,k14=3,k18=1,k23=0} for conv %cudnn-conv = (f32[500,1,200,200]{3,2,1,0}, u8[0]{0}) custom-call(%bitcast.96, %constant.7836), window={size=53x53 pad=26_26x26_26}, dim_labels=bf01_oi01->bf01, custom_call_target="__cudnn$convForward", metadata={op_name="jit(log_prob)/jit(main)/jit(simulate)/conv_general_dilated" source_file="/tmp/ipykernel_543741/2104219631.py" source_line=1}, backend_config={"operation_queue_id":"0","wait_on_operation_queues":[],"cudnn_conv_backend_config":{"conv_result_scale":1,"activation_mode":"kNone","side_input_scale":0,"leakyrelu_alpha":0},"force_earliest_schedule":false,"reification_cost":[]} is taking a while...
2026-04-10 15:09:27.108806: E external/xla/xla/service/slow_operation_alarm.cc:73] Trying algorithm eng35{k2=1,k5=2,k14=5} for conv %cudnn-conv = (f32[500,1,200,200]{3,2,1,0}, u8[0]{0}) custom-call(%bitcast.96, %constant.7836), window={size=53x53 pad=26_26x26_26}, dim_labels=bf01_oi01->bf01, custom_call_target="__cudnn$convForward", metadata={op_name="jit(log_prob)/jit(main)/jit(simulate)/conv_general_dilated" source_file="/tmp/ipykernel_543741/2104219631.py" source_line=1}, backend_config={"operation_queue_id":"0","wait_on_operation_queues":[],"cudnn_conv_backend_config":{"conv_result_scale":1,"activation_mode":"kNone","side_input_scale":0,"leakyrelu_alpha":0},"force_earliest_schedule":false,"reification_cost":[]} is taking a while...
2026-04-10 15:09:30.429733: E external/xla/xla/service/slow_operation_alarm.cc:140] The operation took 4.320996266s
Trying algorithm eng35{k2=1,k5=2,k14=5} for conv %cudnn-conv = (f32[500,1,200,200]{3,2,1,0}, u8[0]{0}) custom-call(%bitcast.96, %constant.7836), window={size=53x53 pad=26_26x26_26}, dim_labels=bf01_oi01->bf01, custom_call_target="__cudnn$convForward", metadata={op_name="jit(log_prob)/jit(main)/jit(simulate)/conv_general_dilated" source_file="/tmp/ipykernel_543741/2104219631.py" source_line=1}, backend_config={"operation_queue_id":"0","wait_on_operation_queues":[],"cudnn_conv_backend_config":{"conv_result_scale":1,"activation_mode":"kNone","side_input_scale":0,"leakyrelu_alpha":0},"force_earliest_schedule":false,"reification_cost":[]} is taking a while...
2026-04-10 15:09:31.429889: E external/xla/xla/service/slow_operation_alarm.cc:73] Trying algorithm eng38{k2=4,k13=0,k14=2,k18=1,k22=2,k23=0} for conv %cudnn-conv = (f32[500,1,200,200]{3,2,1,0}, u8[0]{0}) custom-call(%bitcast.96, %constant.7836), window={size=53x53 pad=26_26x26_26}, dim_labels=bf01_oi01->bf01, custom_call_target="__cudnn$convForward", metadata={op_name="jit(log_prob)/jit(main)/jit(simulate)/conv_general_dilated" source_file="/tmp/ipykernel_543741/2104219631.py" source_line=1}, backend_config={"operation_queue_id":"0","wait_on_operation_queues":[],"cudnn_conv_backend_config":{"conv_result_scale":1,"activation_mode":"kNone","side_input_scale":0,"leakyrelu_alpha":0},"force_earliest_schedule":false,"reification_cost":[]} is taking a while...
2026-04-10 15:09:36.538688: E external/xla/xla/service/slow_operation_alarm.cc:140] The operation took 6.108863419s
Trying algorithm eng38{k2=4,k13=0,k14=2,k18=1,k22=2,k23=0} for conv %cudnn-conv = (f32[500,1,200,200]{3,2,1,0}, u8[0]{0}) custom-call(%bitcast.96, %constant.7836), window={size=53x53 pad=26_26x26_26}, dim_labels=bf01_oi01->bf01, custom_call_target="__cudnn$convForward", metadata={op_name="jit(log_prob)/jit(main)/jit(simulate)/conv_general_dilated" source_file="/tmp/ipykernel_543741/2104219631.py" source_line=1}, backend_config={"operation_queue_id":"0","wait_on_operation_queues":[],"cudnn_conv_backend_config":{"conv_result_scale":1,"activation_mode":"kNone","side_input_scale":0,"leakyrelu_alpha":0},"force_earliest_schedule":false,"reification_cost":[]} is taking a while...
[I 2026-04-10 15:09:54.872 ServerApp] Saving file at /global/homes/c/chaseg/desi-238/desi238-nuts.ipynb
[I 2026-04-10 15:09:54.896 ServerApp] Saving desi238-nuts.ipynb
2026-04-10 15:09:58.730201: W external/xla/xla/service/gpu/autotuning/dot_search_space.cc:200] All configs were filtered out because none of them sufficiently match the hints. Maybe the hints set does not contain a good representative set of valid configs?Working around this by using the full hints set instead.
2026-04-10 15:09:58.730235: W external/xla/xla/service/gpu/autotuning/dot_search_space.cc:200] All configs were filtered out because none of them sufficiently match the hints. Maybe the hints set does not contain a good representative set of valid configs?Working around this by using the full hints set instead.
2026-04-10 15:10:02.762525: E external/xla/xla/service/slow_operation_alarm.cc:73] Trying algorithm eng35{k2=1,k5=3,k14=2} for conv %cudnn-conv = (f32[250,1,200,200]{3,2,1,0}, u8[0]{0}) custom-call(%bitcast.83, %constant.11408), window={size=53x53 pad=26_26x26_26}, dim_labels=bf01_oi01->bf01, custom_call_target="__cudnn$convForward", metadata={op_name="jit(run_svi)/jit(main)/while/body/jit(shmap_body)/jit(neg_elbo)/jvp(jit(log_prob))/jit(simulate)/conv_general_dilated" source_file="/tmp/ipykernel_543741/1250268184.py" source_line=7}, backend_config={"operation_queue_id":"0","wait_on_operation_queues":[],"cudnn_conv_backend_config":{"conv_result_scale":1,"activation_mode":"kNone","side_input_scale":0,"leakyrelu_alpha":0},"force_earliest_schedule":false,"reification_cost":[]} is taking a while...
2026-04-10 15:10:06.113661: E external/xla/xla/service/slow_operation_alarm.cc:140] The operation took 4.351211428s
Trying algorithm eng35{k2=1,k5=3,k14=2} for conv %cudnn-conv = (f32[250,1,200,200]{3,2,1,0}, u8[0]{0}) custom-call(%bitcast.83, %constant.11408), window={size=53x53 pad=26_26x26_26}, dim_labels=bf01_oi01->bf01, custom_call_target="__cudnn$convForward", metadata={op_name="jit(run_svi)/jit(main)/while/body/jit(shmap_body)/jit(neg_elbo)/jvp(jit(log_prob))/jit(simulate)/conv_general_dilated" source_file="/tmp/ipykernel_543741/1250268184.py" source_line=7}, backend_config={"operation_queue_id":"0","wait_on_operation_queues":[],"cudnn_conv_backend_config":{"conv_result_scale":1,"activation_mode":"kNone","side_input_scale":0,"leakyrelu_alpha":0},"force_earliest_schedule":false,"reification_cost":[]} is taking a while...
2026-04-10 15:10:07.113831: E external/xla/xla/service/slow_operation_alarm.cc:73] Trying algorithm eng36{k2=5,k13=1,k14=3,k18=1,k23=0} for conv %cudnn-conv = (f32[250,1,200,200]{3,2,1,0}, u8[0]{0}) custom-call(%bitcast.83, %constant.11408), window={size=53x53 pad=26_26x26_26}, dim_labels=bf01_oi01->bf01, custom_call_target="__cudnn$convForward", metadata={op_name="jit(run_svi)/jit(main)/while/body/jit(shmap_body)/jit(neg_elbo)/jvp(jit(log_prob))/jit(simulate)/conv_general_dilated" source_file="/tmp/ipykernel_543741/1250268184.py" source_line=7}, backend_config={"operation_queue_id":"0","wait_on_operation_queues":[],"cudnn_conv_backend_config":{"conv_result_scale":1,"activation_mode":"kNone","side_input_scale":0,"leakyrelu_alpha":0},"force_earliest_schedule":false,"reification_cost":[]} is taking a while...
2026-04-10 15:10:14.745705: E external/xla/xla/service/slow_operation_alarm.cc:140] The operation took 8.631940627s
Trying algorithm eng36{k2=5,k13=1,k14=3,k18=1,k23=0} for conv %cudnn-conv = (f32[250,1,200,200]{3,2,1,0}, u8[0]{0}) custom-call(%bitcast.83, %constant.11408), window={size=53x53 pad=26_26x26_26}, dim_labels=bf01_oi01->bf01, custom_call_target="__cudnn$convForward", metadata={op_name="jit(run_svi)/jit(main)/while/body/jit(shmap_body)/jit(neg_elbo)/jvp(jit(log_prob))/jit(simulate)/conv_general_dilated" source_file="/tmp/ipykernel_543741/1250268184.py" source_line=7}, backend_config={"operation_queue_id":"0","wait_on_operation_queues":[],"cudnn_conv_backend_config":{"conv_result_scale":1,"activation_mode":"kNone","side_input_scale":0,"leakyrelu_alpha":0},"force_earliest_schedule":false,"reification_cost":[]} is taking a while...
2026-04-10 15:10:15.873051: E external/xla/xla/service/slow_operation_alarm.cc:73] Trying algorithm eng35{k2=1,k5=2,k14=5} for conv %cudnn-conv = (f32[250,1,200,200]{3,2,1,0}, u8[0]{0}) custom-call(%bitcast.83, %constant.11408), window={size=53x53 pad=26_26x26_26}, dim_labels=bf01_oi01->bf01, custom_call_target="__cudnn$convForward", metadata={op_name="jit(run_svi)/jit(main)/while/body/jit(shmap_body)/jit(neg_elbo)/jvp(jit(log_prob))/jit(simulate)/conv_general_dilated" source_file="/tmp/ipykernel_543741/1250268184.py" source_line=7}, backend_config={"operation_queue_id":"0","wait_on_operation_queues":[],"cudnn_conv_backend_config":{"conv_result_scale":1,"activation_mode":"kNone","side_input_scale":0,"leakyrelu_alpha":0},"force_earliest_schedule":false,"reification_cost":[]} is taking a while...
2026-04-10 15:10:17.035552: E external/xla/xla/service/slow_operation_alarm.cc:140] The operation took 2.162596228s
Trying algorithm eng35{k2=1,k5=2,k14=5} for conv %cudnn-conv = (f32[250,1,200,200]{3,2,1,0}, u8[0]{0}) custom-call(%bitcast.83, %constant.11408), window={size=53x53 pad=26_26x26_26}, dim_labels=bf01_oi01->bf01, custom_call_target="__cudnn$convForward", metadata={op_name="jit(run_svi)/jit(main)/while/body/jit(shmap_body)/jit(neg_elbo)/jvp(jit(log_prob))/jit(simulate)/conv_general_dilated" source_file="/tmp/ipykernel_543741/1250268184.py" source_line=7}, backend_config={"operation_queue_id":"0","wait_on_operation_queues":[],"cudnn_conv_backend_config":{"conv_result_scale":1,"activation_mode":"kNone","side_input_scale":0,"leakyrelu_alpha":0},"force_earliest_schedule":false,"reification_cost":[]} is taking a while...
2026-04-10 15:10:18.035690: E external/xla/xla/service/slow_operation_alarm.cc:73] Trying algorithm eng38{k2=4,k13=0,k14=2,k18=1,k22=2,k23=0} for conv %cudnn-conv = (f32[250,1,200,200]{3,2,1,0}, u8[0]{0}) custom-call(%bitcast.83, %constant.11408), window={size=53x53 pad=26_26x26_26}, dim_labels=bf01_oi01->bf01, custom_call_target="__cudnn$convForward", metadata={op_name="jit(run_svi)/jit(main)/while/body/jit(shmap_body)/jit(neg_elbo)/jvp(jit(log_prob))/jit(simulate)/conv_general_dilated" source_file="/tmp/ipykernel_543741/1250268184.py" source_line=7}, backend_config={"operation_queue_id":"0","wait_on_operation_queues":[],"cudnn_conv_backend_config":{"conv_result_scale":1,"activation_mode":"kNone","side_input_scale":0,"leakyrelu_alpha":0},"force_earliest_schedule":false,"reification_cost":[]} is taking a while...
2026-04-10 15:10:20.093044: E external/xla/xla/service/slow_operation_alarm.cc:140] The operation took 3.057434207s
Trying algorithm eng38{k2=4,k13=0,k14=2,k18=1,k22=2,k23=0} for conv %cudnn-conv = (f32[250,1,200,200]{3,2,1,0}, u8[0]{0}) custom-call(%bitcast.83, %constant.11408), window={size=53x53 pad=26_26x26_26}, dim_labels=bf01_oi01->bf01, custom_call_target="__cudnn$convForward", metadata={op_name="jit(run_svi)/jit(main)/while/body/jit(shmap_body)/jit(neg_elbo)/jvp(jit(log_prob))/jit(simulate)/conv_general_dilated" source_file="/tmp/ipykernel_543741/1250268184.py" source_line=7}, backend_config={"operation_queue_id":"0","wait_on_operation_queues":[],"cudnn_conv_backend_config":{"conv_result_scale":1,"activation_mode":"kNone","side_input_scale":0,"leakyrelu_alpha":0},"force_earliest_schedule":false,"reification_cost":[]} is taking a while...
2026-04-10 15:13:38.240714: W external/xla/xla/service/gpu/autotuning/dot_search_space.cc:200] All configs were filtered out because none of them sufficiently match the hints. Maybe the hints set does not contain a good representative set of valid configs?Working around this by using the full hints set instead.
[I 2026-04-10 15:13:56.586 ServerApp] Saving file at /global/homes/c/chaseg/desi-238/desi238-nuts.ipynb
[I 2026-04-10 15:13:56.610 ServerApp] Saving desi238-nuts.ipynb
2026-04-10 15:14:43.480235: W external/xla/xla/service/gpu/autotuning/dot_search_space.cc:200] All configs were filtered out because none of them sufficiently match the hints. Maybe the hints set does not contain a good representative set of valid configs?Working around this by using the full hints set instead.
[I 2026-04-10 15:15:56.964 ServerApp] Saving file at /global/homes/c/chaseg/desi-238/desi238-nuts.ipynb
[I 2026-04-10 15:15:56.986 ServerApp] Saving desi238-nuts.ipynb
[I 2026-04-10 15:19:58.663 ServerApp] Saving file at /global/homes/c/chaseg/desi-238/desi238-nuts.ipynb
[I 2026-04-10 15:19:58.702 ServerApp] Saving desi238-nuts.ipynb
[I 2026-04-10 15:32:05.526 ServerApp] Saving file at /global/homes/c/chaseg/desi-238/desi238-nuts.ipynb
[I 2026-04-10 15:32:05.554 ServerApp] Saving desi238-nuts.ipynb
[I 2026-04-10 18:05:18.281 ServerApp] Connecting to kernel 3302de16-17df-4691-a010-de3f63abe636.
[I 2026-04-10 18:07:23.532 ServerApp] Saving file at /global/homes/c/chaseg/desi-238/desi238-nuts.ipynb
[I 2026-04-10 18:07:23.559 ServerApp] Saving desi238-nuts.ipynb
[I 2026-04-10 18:09:29.468 ServerApp] Saving file at /global/homes/c/chaseg/desi-238/desi238-nuts.ipynb
[I 2026-04-10 18:09:29.492 ServerApp] Saving desi238-nuts.ipynb
[I 2026-04-10 18:11:34.300 ServerApp] Saving file at /global/homes/c/chaseg/desi-238/desi238-nuts.ipynb
[I 2026-04-10 18:11:34.337 ServerApp] Saving desi238-nuts.ipynb
[I 2026-04-10 18:15:40.120 ServerApp] Saving file at /global/homes/c/chaseg/desi-238/desi238-nuts.ipynb
[I 2026-04-10 18:15:40.144 ServerApp] Saving desi238-nuts.ipynb
[I 2026-04-10 18:19:45.237 ServerApp] Saving file at /global/homes/c/chaseg/desi-238/desi238-nuts.ipynb
[I 2026-04-10 18:19:45.260 ServerApp] Saving desi238-nuts.ipynb
/global/common/software/nersc9/jupyter/ex/26-03/lib/python3.10/json/encoder.py:257: UserWarning: date_default is deprecated since jupyter_client 7.0.0. Use jupyter_client.jsonutil.json_default.
  return _iterencode(o, 0)
[I 2026-04-10 18:21:50.141 ServerApp] Saving file at /global/homes/c/chaseg/desi-238/desi238-nuts.ipynb
[I 2026-04-10 18:21:50.336 ServerApp] Saving desi238-nuts.ipynb
[I 2026-04-10 18:25:56.373 ServerApp] Saving file at /global/homes/c/chaseg/desi-238/desi238-nuts.ipynb
[I 2026-04-10 18:25:56.490 ServerApp] Saving desi238-nuts.ipynb
[I 2026-04-10 18:28:01.526 ServerApp] Saving file at /global/homes/c/chaseg/desi-238/desi238-nuts.ipynb
[I 2026-04-10 18:28:01.767 ServerApp] Saving desi238-nuts.ipynb
[I 2026-04-10 19:01:11.760 ServerApp] Connecting to kernel 3302de16-17df-4691-a010-de3f63abe636.
[2026-04-11T04:04:37.033] error: *** JOB 51380497 ON nid001220 CANCELLED AT 2026-04-11T04:04:37 DUE TO TIME LIMIT ***
