2026-04-16T23:36:27-07:00 LAUNCH
[I 2026-04-16 23:36:33.637 ServerApp] Extension package dask_labextension took 1.6108s to import
[W 2026-04-16 23:36:33.638 ServerApp] A `_jupyter_server_extension_points` function was not found in dask_labextension. Instead, a `_jupyter_server_extension_paths` function was found and will be used for now. This function name will be deprecated in future releases of Jupyter Server.
[I 2026-04-16 23:36:33.761 ServerApp] Extension package jupyter_lsp took 0.1225s to import
[I 2026-04-16 23:36:33.956 ServerApp] Extension package jupyterlab took 0.1038s to import
[I 2026-04-16 23:36:34.453 ServerApp] Extension package jupyterlab_git took 0.1203s to import
[I 2026-04-16 23:36:35.697 ServerApp] Extension package jupyterlab_h5web took 1.2439s to import
[I 2026-04-16 23:36:36.037 ServerApp] Extension package jupyterlab_jupytext took 0.3386s to import
[W 2026-04-16 23:36:36.163 ServerApp] A `_jupyter_server_extension_points` function was not found in nbclassic. Instead, a `_jupyter_server_extension_paths` function was found and will be used for now. This function name will be deprecated in future releases of Jupyter Server.
[I 2026-04-16 23:36:36.171 ServerApp] dask_labextension | extension was successfully linked.
[I 2026-04-16 23:36:36.172 ServerApp] jupyter_lsp | extension was successfully linked.
[I 2026-04-16 23:36:36.172 ServerApp] jupyter_resource_usage | extension was successfully linked.
[I 2026-04-16 23:36:36.260 ServerApp] jupyter_server_mathjax | extension was successfully linked.
[I 2026-04-16 23:36:36.260 ServerApp] jupyter_server_proxy | extension was successfully linked.
[I 2026-04-16 23:36:36.346 ServerApp] jupyter_server_terminals | extension was successfully linked.
[I 2026-04-16 23:36:36.347 JupyterHubSingleUser] Starting jupyterhub single-user server extension version 5.0.0
[I 2026-04-16 23:36:36.347 JupyterHubSingleUser] Using default url from environment $JUPYTERHUB_DEFAULT_URL: /lab/tree/global/homes/c/chaseg
[I 2026-04-16 23:36:36.350 ServerApp] jupyterhub | extension was successfully linked.
[W 2026-04-16 23:36:36.417 LabApp] 'extra_template_paths' was found in both NotebookApp and ServerApp. This is likely a recent change. This config will only be set in NotebookApp. Please check if you should also config these traits in ServerApp for your purpose.
[I 2026-04-16 23:36:36.420 ServerApp] jupyterlab | extension was successfully linked.
[I 2026-04-16 23:36:36.421 ServerApp] jupyterlab_code_formatter | extension was successfully linked.
[I 2026-04-16 23:36:36.421 ServerApp] jupyterlab_git | extension was successfully linked.
[I 2026-04-16 23:36:36.421 ServerApp] jupyterlab_h5web | extension was successfully linked.
[I 2026-04-16 23:36:36.422 ServerApp] jupyterlab_jupytext | extension was successfully linked.
[I 2026-04-16 23:36:36.422 ServerApp] jupyterlab_nvdashboard | extension was successfully linked.
[I 2026-04-16 23:36:36.422 ServerApp] jupyterlab_wall | extension was successfully linked.
[W 2026-04-16 23:36:36.475 NotebookApp] 'extra_template_paths' was found in both NotebookApp and ServerApp. This is likely a recent change. This config will only be set in NotebookApp. Please check if you should also config these traits in ServerApp for your purpose.
[I 2026-04-16 23:36:36.478 ServerApp] nbclassic | extension was successfully linked.
[I 2026-04-16 23:36:36.478 ServerApp] nbdime | extension was successfully linked.
[W 2026-04-16 23:36:36.485 JupyterNotebookApp] 'extra_template_paths' was found in both NotebookApp and ServerApp. This is likely a recent change. This config will only be set in NotebookApp. Please check if you should also config these traits in ServerApp for your purpose.
[I 2026-04-16 23:36:36.488 ServerApp] notebook | extension was successfully linked.
[I 2026-04-16 23:36:36.490 ServerApp] Writing Jupyter server cookie secret to /tmp/jupyter-runtime-45262089-c60b-4445-88f3-235939f5f4fc/jupyter_cookie_secret
[I 2026-04-16 23:36:36.537 ServerApp] notebook_shim | extension was successfully linked.
[I 2026-04-16 23:36:36.628 ServerApp] notebook_shim | extension was successfully loaded.
[I 2026-04-16 23:36:36.629 ServerApp] dask_labextension | extension was successfully loaded.
[I 2026-04-16 23:36:36.631 ServerApp] jupyter_lsp | extension was successfully loaded.
[I 2026-04-16 23:36:36.632 ServerApp] jupyter_resource_usage | extension was successfully loaded.
[I 2026-04-16 23:36:36.633 ServerApp] jupyter_server_mathjax | extension was successfully loaded.
[I 2026-04-16 23:36:36.675 ServerApp] jupyter_server_proxy | extension was successfully loaded.
[I 2026-04-16 23:36:36.677 ServerApp] jupyter_server_terminals | extension was successfully loaded.
[I 2026-04-16 23:36:36.693 JupyterHubSingleUser] Updating Hub with activity every 300 seconds
[I 2026-04-16 23:36:36.694 ServerApp] jupyterhub | extension was successfully loaded.
[I 2026-04-16 23:36:36.900 ServerApp] Skipped non-installed server(s): bash-language-server, dockerfile-language-server-nodejs, javascript-typescript-langserver, jedi-language-server, julia-language-server, pyright, python-language-server, python-lsp-server, r-languageserver, sql-language-server, texlab, typescript-language-server, unified-language-server, vscode-css-languageserver-bin, vscode-html-languageserver-bin, vscode-json-languageserver-bin, yaml-language-server
[I 2026-04-16 23:36:37.027 LabApp] JupyterLab extension loaded from /global/common/software/nersc9/jupyter/ex/26-04/lib/python3.10/site-packages/jupyterlab
[I 2026-04-16 23:36:37.028 LabApp] JupyterLab application directory is /global/common/software/nersc9/jupyter/ex/26-04/share/jupyter/lab
[I 2026-04-16 23:36:37.030 LabApp] Extension Manager is 'pypi'.
[I 2026-04-16 23:36:37.051 ServerApp] jupyterlab | extension was successfully loaded.
[I 2026-04-16 23:36:37.051 ServerApp] Registered jupyterlab_code_formatter server extension
[I 2026-04-16 23:36:37.052 ServerApp] jupyterlab_code_formatter | extension was successfully loaded.
[I 2026-04-16 23:36:37.058 ServerApp] jupyterlab_git | extension was successfully loaded.
[I 2026-04-16 23:36:37.260 ServerApp] Jupyterlab-h5web extension will serve HDF5 files from /
[I 2026-04-16 23:36:37.260 ServerApp] jupyterlab_h5web | extension was successfully loaded.
[W 2026-04-16 23:36:37.260 ServerApp] [Jupytext Server Extension] Async contents managers like {base_class.__name__} are not supported at the moment (https://github.com/mwouts/jupytext/issues/1020). We will derive a contents manager from LargeFileManager instead.
[I 2026-04-16 23:36:37.261 ServerApp] [Jupytext Server Extension] Deriving a JupytextContentsManager from LargeFileManager
[I 2026-04-16 23:36:37.262 ServerApp] jupyterlab_jupytext | extension was successfully loaded.
[I 2026-04-16 23:36:37.263 ServerApp] Registered jupyterlab_nvdashboard server extension
[I 2026-04-16 23:36:37.263 ServerApp] jupyterlab_nvdashboard | extension was successfully loaded.
[I 2026-04-16 23:36:37.264 ServerApp] Registered jupyterlab_wall server extension
[I 2026-04-16 23:36:37.264 ServerApp] jupyterlab_wall | extension was successfully loaded.
[I 2026-04-16 23:36:37.300 ServerApp] nbclassic | extension was successfully loaded.
[I 2026-04-16 23:36:37.689 ServerApp] nbdime | extension was successfully loaded.
[I 2026-04-16 23:36:37.937 ServerApp] notebook | extension was successfully loaded.
[I 2026-04-16 23:36:37.937 ServerApp] Will shut down after 64800 seconds with no kernels.
[I 2026-04-16 23:36:37.938 ServerApp] Serving notebooks from local directory: /
[I 2026-04-16 23:36:37.938 ServerApp] Jupyter Server 2.14.2 is running at:
[I 2026-04-16 23:36:37.939 ServerApp] http://nid001141:55091/user/chaseg/perlmutter-exclusive-node-gpu/lab/tree/global/homes/c/chaseg?token=...
[I 2026-04-16 23:36:37.939 ServerApp]     http://127.0.0.1:55091/user/chaseg/perlmutter-exclusive-node-gpu/lab/tree/global/homes/c/chaseg?token=...
[I 2026-04-16 23:36:37.939 ServerApp] Use Control-C to stop this server and shut down all kernels (twice to skip confirmation).
[W 2026-04-16 23:36:53.898 ServerApp] wrote error: 'Forbidden'
    Traceback (most recent call last):
      File "/global/common/software/nersc9/jupyter/ex/26-04/lib/python3.10/site-packages/tornado/web.py", line 1788, in _execute
        result = method(*self.path_args, **self.path_kwargs)
      File "/global/common/software/nersc9/jupyter/ex/26-04/lib/python3.10/site-packages/tornado/web.py", line 3289, in wrapper
        url = self.get_login_url()
      File "/global/common/software/nersc9/jupyter/ex/26-04/lib/python3.10/site-packages/jupyterhub/singleuser/extension.py", line 146, in get_login_url
        login_url = original_get_login_url()
      File "/global/common/software/nersc9/jupyter/ex/26-04/lib/python3.10/site-packages/jupyter_server/base/handlers.py", line 783, in get_login_url
        raise web.HTTPError(403)
    tornado.web.HTTPError: HTTP 403: Forbidden
[W 2026-04-16 23:36:54.870 ServerApp] wrote error: 'Forbidden'
    Traceback (most recent call last):
      File "/global/common/software/nersc9/jupyter/ex/26-04/lib/python3.10/site-packages/tornado/web.py", line 1788, in _execute
        result = method(*self.path_args, **self.path_kwargs)
      File "/global/common/software/nersc9/jupyter/ex/26-04/lib/python3.10/site-packages/tornado/web.py", line 3289, in wrapper
        url = self.get_login_url()
      File "/global/common/software/nersc9/jupyter/ex/26-04/lib/python3.10/site-packages/jupyterhub/singleuser/extension.py", line 146, in get_login_url
        login_url = original_get_login_url()
      File "/global/common/software/nersc9/jupyter/ex/26-04/lib/python3.10/site-packages/jupyter_server/base/handlers.py", line 783, in get_login_url
        raise web.HTTPError(403)
    tornado.web.HTTPError: HTTP 403: Forbidden
[W 2026-04-16 23:36:59.895 LabApp] Could not determine jupyterlab build status without nodejs
[I 2026-04-16 23:37:00.049 ServerApp] Loaded Jupytext configuration file at /global/common/software/nersc9/jupyter/ex/26-04/etc/jupytext/jupytext.toml
2026-04-16 23:37:07,797 - ServerApp - ERROR - Uncaught exception in write_error
Traceback (most recent call last):
  File "/global/common/software/nersc9/jupyter/ex/26-04/lib/python3.10/site-packages/tornado/web.py", line 1298, in send_error
    self.write_error(status_code, **kwargs)
  File "/global/common/software/nersc9/jupyter/ex/26-04/lib/python3.10/site-packages/jupyter_server/base/handlers.py", line 739, in write_error
    html = self.render_template("%s.html" % status_code, **ns)
  File "/global/common/software/nersc9/jupyter/ex/26-04/lib/python3.10/site-packages/jupyter_server/base/handlers.py", line 667, in render_template
    return template.render(**ns)
  File "/global/common/software/nersc9/jupyter/ex/26-04/lib/python3.10/site-packages/jinja2/environment.py", line 1304, in render
    self.environment.handle_exception()
  File "/global/common/software/nersc9/jupyter/ex/26-04/lib/python3.10/site-packages/jinja2/environment.py", line 939, in handle_exception
    raise rewrite_traceback_stack(source=source)
  File "/global/common/software/nersc9/jupyter/ex/26-04/lib/python3.10/site-packages/jupyter_server/templates/404.html", line 1, in top-level template code
    {% extends "error.html" %}
  File "/global/common/software/nersc9/jupyter/ex/26-04/lib/python3.10/site-packages/jupyter_server/templates/error.html", line 1, in top-level template code
    {% extends "page.html" %}
  File "/global/common/software/nersc9/jupyter/ex/26-04/lib/python3.10/site-packages/jupyter_server/templates/page.html", line 9, in top-level template code
    {% block favicon %}<link id="favicon" rel="shortcut icon" type="image/x-icon" href="{{ static_url("favicon.ico") }}">
  File "/global/common/software/nersc9/jupyter/ex/26-04/lib/python3.10/site-packages/jupyter_server/templates/page.html", line 9, in block 'favicon'
    {% block favicon %}<link id="favicon" rel="shortcut icon" type="image/x-icon" href="{{ static_url("favicon.ico") }}">
  File "/global/common/software/nersc9/jupyter/ex/26-04/lib/python3.10/site-packages/jupyter_server/extension/handler.py", line 118, in static_url
    raise Exception(msg) from None
Exception: This extension doesn't have any static paths listed. Check that the extension's `static_paths` trait is set.
2026-04-16 23:37:17,803 - ServerApp - ERROR - Uncaught exception in write_error
Traceback (most recent call last):
  File "/global/common/software/nersc9/jupyter/ex/26-04/lib/python3.10/site-packages/tornado/web.py", line 1298, in send_error
    self.write_error(status_code, **kwargs)
  File "/global/common/software/nersc9/jupyter/ex/26-04/lib/python3.10/site-packages/jupyter_server/base/handlers.py", line 739, in write_error
    html = self.render_template("%s.html" % status_code, **ns)
  File "/global/common/software/nersc9/jupyter/ex/26-04/lib/python3.10/site-packages/jupyter_server/base/handlers.py", line 667, in render_template
    return template.render(**ns)
  File "/global/common/software/nersc9/jupyter/ex/26-04/lib/python3.10/site-packages/jinja2/environment.py", line 1304, in render
    self.environment.handle_exception()
  File "/global/common/software/nersc9/jupyter/ex/26-04/lib/python3.10/site-packages/jinja2/environment.py", line 939, in handle_exception
    raise rewrite_traceback_stack(source=source)
  File "/global/common/software/nersc9/jupyter/ex/26-04/lib/python3.10/site-packages/jupyter_server/templates/404.html", line 1, in top-level template code
    {% extends "error.html" %}
  File "/global/common/software/nersc9/jupyter/ex/26-04/lib/python3.10/site-packages/jupyter_server/templates/error.html", line 1, in top-level template code
    {% extends "page.html" %}
  File "/global/common/software/nersc9/jupyter/ex/26-04/lib/python3.10/site-packages/jupyter_server/templates/page.html", line 9, in top-level template code
    {% block favicon %}<link id="favicon" rel="shortcut icon" type="image/x-icon" href="{{ static_url("favicon.ico") }}">
  File "/global/common/software/nersc9/jupyter/ex/26-04/lib/python3.10/site-packages/jupyter_server/templates/page.html", line 9, in block 'favicon'
    {% block favicon %}<link id="favicon" rel="shortcut icon" type="image/x-icon" href="{{ static_url("favicon.ico") }}">
  File "/global/common/software/nersc9/jupyter/ex/26-04/lib/python3.10/site-packages/jupyter_server/extension/handler.py", line 118, in static_url
    raise Exception(msg) from None
Exception: This extension doesn't have any static paths listed. Check that the extension's `static_paths` trait is set.
[2026-04-17T12:36:41.528] error: *** JOB 51680838 ON nid001141 CANCELLED AT 2026-04-17T12:36:41 DUE TO TIME LIMIT ***
