2026-07-02T22:38:34-07:00 LAUNCH
[I 2026-07-02 22:38:40.172 ServerApp] Extension package dask_labextension took 1.6478s to import
[W 2026-07-02 22:38:40.172 ServerApp] A `_jupyter_server_extension_points` function was not found in dask_labextension. Instead, a `_jupyter_server_extension_paths` function was found and will be used for now. This function name will be deprecated in future releases of Jupyter Server.
[I 2026-07-02 22:38:40.282 ServerApp] Extension package jupyter_lsp took 0.1087s to import
[I 2026-07-02 22:38:40.519 ServerApp] Extension package jupyterlab took 0.1303s to import
[I 2026-07-02 22:38:40.970 ServerApp] Extension package jupyterlab_git took 0.1116s to import
[I 2026-07-02 22:38:42.100 ServerApp] Extension package jupyterlab_h5web took 1.1292s to import
[I 2026-07-02 22:38:42.434 ServerApp] Extension package jupyterlab_jupytext took 0.3332s to import
[W 2026-07-02 22:38:42.544 ServerApp] A `_jupyter_server_extension_points` function was not found in nbclassic. Instead, a `_jupyter_server_extension_paths` function was found and will be used for now. This function name will be deprecated in future releases of Jupyter Server.
[I 2026-07-02 22:38:42.551 ServerApp] dask_labextension | extension was successfully linked.
[I 2026-07-02 22:38:42.551 ServerApp] jupyter_lsp | extension was successfully linked.
[I 2026-07-02 22:38:42.552 ServerApp] jupyter_resource_usage | extension was successfully linked.
[I 2026-07-02 22:38:42.561 ServerApp] jupyter_server_mathjax | extension was successfully linked.
[I 2026-07-02 22:38:42.561 ServerApp] jupyter_server_proxy | extension was successfully linked.
[I 2026-07-02 22:38:42.569 ServerApp] jupyter_server_terminals | extension was successfully linked.
[I 2026-07-02 22:38:42.569 JupyterHubSingleUser] Starting jupyterhub single-user server extension version 5.0.0
[I 2026-07-02 22:38:42.570 JupyterHubSingleUser] Using default url from environment $JUPYTERHUB_DEFAULT_URL: /lab/tree/global/homes/c/chaseg
[I 2026-07-02 22:38:42.573 ServerApp] jupyterhub | extension was successfully linked.
[W 2026-07-02 22:38:42.578 LabApp] 'extra_template_paths' was found in both NotebookApp and ServerApp. This is likely a recent change. This config will only be set in NotebookApp. Please check if you should also config these traits in ServerApp for your purpose.
[I 2026-07-02 22:38:42.581 ServerApp] jupyterlab | extension was successfully linked.
[I 2026-07-02 22:38:42.581 ServerApp] jupyterlab_code_formatter | extension was successfully linked.
[I 2026-07-02 22:38:42.582 ServerApp] jupyterlab_git | extension was successfully linked.
[I 2026-07-02 22:38:42.582 ServerApp] jupyterlab_h5web | extension was successfully linked.
[I 2026-07-02 22:38:42.582 ServerApp] jupyterlab_jupytext | extension was successfully linked.
[I 2026-07-02 22:38:42.583 ServerApp] jupyterlab_nvdashboard | extension was successfully linked.
[I 2026-07-02 22:38:42.583 ServerApp] jupyterlab_wall | extension was successfully linked.
[W 2026-07-02 22:38:42.588 NotebookApp] 'extra_template_paths' was found in both NotebookApp and ServerApp. This is likely a recent change. This config will only be set in NotebookApp. Please check if you should also config these traits in ServerApp for your purpose.
[I 2026-07-02 22:38:42.590 ServerApp] nbclassic | extension was successfully linked.
[I 2026-07-02 22:38:42.590 ServerApp] nbdime | extension was successfully linked.
[W 2026-07-02 22:38:42.598 JupyterNotebookApp] 'extra_template_paths' was found in both NotebookApp and ServerApp. This is likely a recent change. This config will only be set in NotebookApp. Please check if you should also config these traits in ServerApp for your purpose.
[I 2026-07-02 22:38:42.600 ServerApp] notebook | extension was successfully linked.
[I 2026-07-02 22:38:42.602 ServerApp] Writing Jupyter server cookie secret to /tmp/jupyter-runtime-0b215c6e-eff2-46c9-b076-2c5209c4c24e/jupyter_cookie_secret
[I 2026-07-02 22:38:42.645 ServerApp] notebook_shim | extension was successfully linked.
[I 2026-07-02 22:38:42.725 ServerApp] notebook_shim | extension was successfully loaded.
[I 2026-07-02 22:38:42.726 ServerApp] dask_labextension | extension was successfully loaded.
[I 2026-07-02 22:38:42.728 ServerApp] jupyter_lsp | extension was successfully loaded.
[I 2026-07-02 22:38:42.729 ServerApp] jupyter_resource_usage | extension was successfully loaded.
[I 2026-07-02 22:38:42.730 ServerApp] jupyter_server_mathjax | extension was successfully loaded.
[I 2026-07-02 22:38:42.763 ServerApp] jupyter_server_proxy | extension was successfully loaded.
[I 2026-07-02 22:38:42.765 ServerApp] jupyter_server_terminals | extension was successfully loaded.
[I 2026-07-02 22:38:42.786 JupyterHubSingleUser] Updating Hub with activity every 300 seconds
[I 2026-07-02 22:38:42.786 ServerApp] jupyterhub | extension was successfully loaded.
[I 2026-07-02 22:38:42.995 ServerApp] Skipped non-installed server(s): bash-language-server, dockerfile-language-server-nodejs, javascript-typescript-langserver, jedi-language-server, julia-language-server, pyright, python-language-server, python-lsp-server, r-languageserver, sql-language-server, texlab, typescript-language-server, unified-language-server, vscode-css-languageserver-bin, vscode-html-languageserver-bin, vscode-json-languageserver-bin, yaml-language-server
[I 2026-07-02 22:38:43.069 LabApp] JupyterLab extension loaded from /global/common/software/nersc9/jupyter/ex/26-06/lib/python3.10/site-packages/jupyterlab
[I 2026-07-02 22:38:43.069 LabApp] JupyterLab application directory is /global/common/software/nersc9/jupyter/ex/26-06/share/jupyter/lab
[I 2026-07-02 22:38:43.071 LabApp] Extension Manager is 'pypi'.
[I 2026-07-02 22:38:43.088 ServerApp] jupyterlab | extension was successfully loaded.
[I 2026-07-02 22:38:43.089 ServerApp] Registered jupyterlab_code_formatter server extension
[I 2026-07-02 22:38:43.089 ServerApp] jupyterlab_code_formatter | extension was successfully loaded.
[I 2026-07-02 22:38:43.096 ServerApp] jupyterlab_git | extension was successfully loaded.
[I 2026-07-02 22:38:43.312 ServerApp] Jupyterlab-h5web extension will serve HDF5 files from /
[I 2026-07-02 22:38:43.312 ServerApp] jupyterlab_h5web | extension was successfully loaded.
[W 2026-07-02 22:38:43.312 ServerApp] [Jupytext Server Extension] Async contents managers like {base_class.__name__} are not supported at the moment (https://github.com/mwouts/jupytext/issues/1020). We will derive a contents manager from LargeFileManager instead.
[I 2026-07-02 22:38:43.313 ServerApp] [Jupytext Server Extension] Deriving a JupytextContentsManager from LargeFileManager
[I 2026-07-02 22:38:43.314 ServerApp] jupyterlab_jupytext | extension was successfully loaded.
[I 2026-07-02 22:38:43.315 ServerApp] Registered jupyterlab_nvdashboard server extension
[I 2026-07-02 22:38:43.315 ServerApp] jupyterlab_nvdashboard | extension was successfully loaded.
[I 2026-07-02 22:38:43.316 ServerApp] Registered jupyterlab_wall server extension
[I 2026-07-02 22:38:43.316 ServerApp] jupyterlab_wall | extension was successfully loaded.
[I 2026-07-02 22:38:43.345 ServerApp] nbclassic | extension was successfully loaded.
[I 2026-07-02 22:38:43.600 ServerApp] nbdime | extension was successfully loaded.
[I 2026-07-02 22:38:43.679 ServerApp] notebook | extension was successfully loaded.
[I 2026-07-02 22:38:43.679 ServerApp] Will shut down after 64800 seconds with no kernels.
[I 2026-07-02 22:38:43.679 ServerApp] Serving notebooks from local directory: /
[I 2026-07-02 22:38:43.680 ServerApp] Jupyter Server 2.14.2 is running at:
[I 2026-07-02 22:38:43.680 ServerApp] http://nid001124:60387/user/chaseg/perlmutter-exclusive-node-gpu/lab/tree/global/homes/c/chaseg?token=...
[I 2026-07-02 22:38:43.680 ServerApp]     http://127.0.0.1:60387/user/chaseg/perlmutter-exclusive-node-gpu/lab/tree/global/homes/c/chaseg?token=...
[I 2026-07-02 22:38:43.680 ServerApp] Use Control-C to stop this server and shut down all kernels (twice to skip confirmation).
[W 2026-07-02 22:39:09.535 LabApp] Could not determine jupyterlab build status without nodejs
[I 2026-07-02 22:39:09.660 ServerApp] Loaded Jupytext configuration file at /global/common/software/nersc9/jupyter/ex/26-06/etc/jupytext/jupytext.toml
[I 2026-07-02 22:39:11.377 ServerApp] New terminal with automatic name: 8
[I 2026-07-02 22:39:11.378 ServerApp] Culling terminals with inactivity > 64800 seconds at 300 second intervals ...
[I 2026-07-02 22:39:11.612 ServerApp] New terminal with automatic name: 1
[I 2026-07-02 22:39:11.840 ServerApp] New terminal with automatic name: 2
[I 2026-07-02 22:41:40.618 ServerApp] New terminal with automatic name: 3
[2026-07-03T11:38:50.149] error: *** JOB 55419197 ON nid001124 CANCELLED AT 2026-07-03T11:38:50 DUE TO TIME LIMIT ***
